"math" -run "Get[\"models/MSSM/start.m\"]; Quit[]"
Mathematica 11.3.0 Kernel for Linux x86 (64-bit)
Copyright 1988-2018 Wolfram Research, Inc.
SARAH 4.12.2
by Florian Staub, 2017
contributions by M. D. Goodsell, K. Nickel

References:
  Comput.Phys.Commun.181 (2010) 1077-1086. (arXiv:0909.2863[hep-ph])
  Comput.Phys.Commun.182 (2011) 808-833. (arXiv:1002.0840[hep-ph])
  Comput.Phys.Commun.184 (2013) 1792-1809. (arXiv:1207.0906[hep-ph])
  Comput.Phys.Commun.185 (2014) 1773-1790. (arXiv:1309.7223[hep-ph])
Download and Documentation:
  http://sarah.hepforge.org

Start evaluation of a model with:
   Start["Name of Model"]
e.g. Start["MSSM"] or Start["NMSSM","CKM"]
To get a list with all installed models, use ShowModels

Syntax::sntx: Invalid syntax in or before 
    "-(Mass2[loopfields[[1]][{SARAH`gI4}]] +
        Mass2[loopfields[[2]][{SARAH`gI5}]]-p2)*(massshift[[1]]//.{Symbol["gen
        eration"]->SARAH`gI4},
                                                                              
                                                                  ^
      " (line 276 of "SelfEnergies2L`").

======================================================================
FlexibleSUSY 2.1.0
  by P. Athron, M. Bach, D. Harries, T. Kwasnitza, J.-h. Park, 
  T. Steudtner, D. Stöckinger, A. Voigt, J. Ziebell
  2013-2017

References:
  Comput.Phys.Commun. 190 (2015) 139-172 (arxiv:1406.2319 [hep-ph])
  JHEP 1701 (2017) 079 (arXiv:1609.00371 [hep-ph])
  arXiv:1710.03760 [hep-ph]

Download and Documentation:
  https://flexiblesusy.hepforge.org
======================================================================

Current working directory: /net/home/lxtsfs1/tpe/poegel/Documents/master/Flex\
 
>    ibleSUSY
SARAH output directory: /net/home/lxtsfs1/tpe/poegel/Documents/master/Flexibl\
 
>    eSUSY/Output
Starting model: Start[MSSM]
Preparing arrays
 ... checking Directory: /net/home/lxtsfs1/tpe/poegel/Documents/master/Flexib\
 
>    leSUSY/sarah

FileByteCount::fdnfnd: 
   Directory or file /net/home/lxtsfs1/tpe/poegel/Documents/master/FlexibleSUS
     Y/sarah/MSSM/MSSM.m not found.
 ... checking Directory: /net/home/lxtsfs1/tpe/poegel/.Mathematica/Applicatio\
 
>    ns/SARAH-4.12.2/Models/
Model files loaded   
  Model    : MSSM
  Author(s): F.Staub
  Date     : 2012-09-01
******************************************************* 
Loading Susyno functions for the handling of Lie Groups 
Based on Susyno v.2.0 by Renato Fonseca (1106.5016)
webpage: web.ist.utl.pt/renato.fonseca/susyno.html
******************************************************* 
Initialization
Checking model files: Dynamic[DynamicCheckModelFiles]
Initialize gauge groups: Dynamic[DynamicInitGaugeG]
Initialize field: Dynamic[DynamicInitFields]
Preprocessing necessary information: Dynamic[DynamicInitMisc]
Checking for anomalies: Dynamic[DynamicCheckAnomalies]
Derive Lagrangian
Calculate superpotential: Dynamic[DynamicTermSuperpotentialNr]/4(
 
>   Dynamic[DynamicTermSuperpotential])
  checking charge conservation: Dynamic[DynamicCheckingCCSup]
Calculate F-Terms: Dynamic[DynamicFTermNr]/11 (Dynamic[DynamicFTermName])
Calculate Matter interactions: Dynamic[DynamicMatterNr]/121 (
 
>   Dynamic[DynamicMatterName])
Calculate soft-breaking terms: Dynamic[DynamicSoftTermsCurrent]
Calculate kinetic Terms
  ... for scalars: Dynamic[DynamicKineticScalarNr]/7 (
 
>   Dynamic[DynamicKineticScalarName])
  ... for fermions: Dynamic[DynamicKineticFermionNr]/7 (
 
>   Dynamic[DynamicKineticFermionName])
Calculate D-Terms: Dynamic[DynamicDTermsNr]/21 (Dynamic[DynamicDTermsName])
Calculate gaugino interactions: Dynamic[DynamicGauginoMatter]/21 (
 
>   Dynamic[DynamicGauginoMatterName])
Calculate vector-gaugino interactions: Dynamic[DynamicGauginoVector]/3 (
 
>   Dynamic[DynamicGauginoVectorName])
Calculate vector self-interactions: Dynamic[DynamicVectorNr]/3 (
 
>   Dynamic[DynamicVectorName])
Calculate gauge transformations: Dynamic[DynamicGaugeTNr]/10 (
 
>   Dynamic[DynamicGaugeTName])
Eleminate sums
Calc Complete Lagrangian

Evolve States: GaugeES
Rotate Lagrangian: Dynamic[DynamicRotateLag[1]]/14
Derive ghost terms: 
  ... generate gauge fixing terms: Dynamic[DynamicGFnr[GaugeES]]/3 (
 
>   Dynamic[DynamicGFname[GaugeES]])
  ... calculate Ghost interactions
Calc Mixings of Matter Fields
Save information (Dynamic[DynamicSaveInfo[GaugeES]])

Evolve States: EWSB
Parametrize Higgs Sector
   Update gauge transformations: Dynamic[DynamicUGT[UGTvev[2]]]/49 (
 
>   Dynamic[DynamicUGTname[UGTvev[2]]])
Calc mass matrices gauge sector: Dynamic[DynamicMMgaugeNr[EWSB]]/3(
 
>   Dynamic[DynamicMMgaugeName[EWSB]])
   Update gauge transformations: Dynamic[DynamicUGT[UGTgaugeMM[2]]]/59 (
 
>   Dynamic[DynamicUGTname[UGTgaugeMM[2]]])
Add Phases
   Update gauge transformations: Dynamic[DynamicUGT[UGTphasesMM[2]]]/54 (
 
>   Dynamic[DynamicUGTname[UGTphasesMM[2]]])
Rotate Lagrangian: Dynamic[DynamicRotateLag[2]]/14
Derive ghost terms: 
  ... generate gauge fixing terms: Dynamic[DynamicGFnr[EWSB]]/4 (
 
>   Dynamic[DynamicGFname[EWSB]])
  ... calculate Ghost interactions
Calc Mixings of Matter Fields
   Calculate mass matrices Dynamic[DynamicNrMass[{{{SdL, SdR}, 
 
>       {conj[SdL], conj[SdR]}}, {{SvL}, {conj[SvL]}}, 
 
>      {{SuL, SuR}, {conj[SuL], conj[SuR]}}, 
 
>      {{SeL, SeR}, {conj[SeL], conj[SeR]}}, {{phid, phiu}, {phid, phiu}}, 
 
>      {{sigmad, sigmau}, {sigmad, sigmau}}, 
 
>      {{SHdm, conj[SHup]}, {conj[SHdm], SHup}}, 
 
>      {{fB, fW0, FHd0, FHu0}, {fB, fW0, FHd0, FHu0}}, 
 
>      {{fWm, FHdm}, {fWp, FHup}}, {{FeL}, {conj[FeR]}}, 
 
>      {{FdL}, {conj[FdR]}}, {{FuL}, {conj[FuR]}}}]]/12 (
 
>   Dynamic[DynamicNameMass[{{{SdL, SdR}, {conj[SdL], conj[SdR]}}, 
 
>      {{SvL}, {conj[SvL]}}, {{SuL, SuR}, {conj[SuL], conj[SuR]}}, 
 
>      {{SeL, SeR}, {conj[SeL], conj[SeR]}}, {{phid, phiu}, {phid, phiu}}, 
 
>      {{sigmad, sigmau}, {sigmad, sigmau}}, 
 
>      {{SHdm, conj[SHup]}, {conj[SHdm], SHup}}, 
 
>      {{fB, fW0, FHd0, FHu0}, {fB, fW0, FHd0, FHu0}}, 
 
>      {{fWm, FHdm}, {fWp, FHup}}, {{FeL}, {conj[FeR]}}, 
 
>      {{FdL}, {conj[FdR]}}, {{FuL}, {conj[FuR]}}}]])
   Update gauge transformations: Dynamic[DynamicUGT[UGTmatterMM[2]]]/70 (
 
>   Dynamic[DynamicUGTname[UGTmatterMM[2]]])
Calculate Tadpole Equations
Save information (Dynamic[DynamicSaveInfo[EWSB]])

Finishing
Calculate final Lagrangian
Cleaning up
   ... add matrix products
   ... checking for massless particles
   ... calculating tree level masses (Dynamic[DynamicCalcTreeMasses])
   ... simplify mass matrices
Numerical calculations (if necessary)
   ... checking for spectrum file: Dynamic[DynamicSpectrumFileInput]
   ... reading parameter values and dependences
   ... calculate mixing matrices
Checking for CP even and odd scalars

All Done. MSSM is ready!
(Model initialized in 26.3788s)


Are you unfamiliar with SARAH? Use SARAH`FirstSteps

----------------------------------------------------------------------
Starting FlexibleSUSY
----------------------------------------------------------------------
Checking SARAH version ...

----------------------------------------------------------------------
Loading FlexibleSUSY model file
----------------------------------------------------------------------
FlexibleSUSY model file loaded
  Model: MSSM
  Model file: models/MSSM/FlexibleSUSY.m
  Model output directory: models/MSSM

----------------------------------------------------------------------
Reading SARAH output files
----------------------------------------------------------------------
Found up-to-date RGE files.
Calculate supersymmetric RGEs
Making Lists of Particles and Couplings
Read Beta Functions
Writing Mathematica code to evaluate RGEs

Finished with the calculation of the RGEs. Time needed: 1.42374s
The results are saved in /net/home/lxtsfs1/tpe/poegel/Documents/master/Flexib\
 
>    leSUSY/Output/MSSM/RGEs/
Found up-to-date self-energy files.
Found up-to-date tadpole file.
Found up-to-date unrotated particle file.
Reading 1-loop self-energies from file 
 
>   /net/home/lxtsfs1/tpe/poegel/Documents/master/FlexibleSUSY/Output/MSSM/EW\
 
>    SB/One-Loop/SelfEnergy.m ...
Reading 2-loop self-energies from 
 
>   {/net/home/lxtsfs1/tpe/poegel/Documents/master/FlexibleSUSY/Output/MSSM/E\
 
>     WSB/Two-Loop/hh.m, /net/home/lxtsfs1/tpe/poegel/Documents/master/Flexib\
 
>     leSUSY/Output/MSSM/EWSB/Two-Loop/Ah.m} ...
2L selfenergy expressions written to:
 
>   models/MSSM/MSSM_2loop_expr_selfenergy_hh.m
 
>   models/MSSM/MSSM_2loop_expr_selfenergy_Ah.m
Converting self-energies ...
Reading 1-loop tadpoles from file 
 
>   /net/home/lxtsfs1/tpe/poegel/Documents/master/FlexibleSUSY/Output/MSSM/EW\
 
>    SB/One-Loop/Tadpoles1Loop.m ...
Reading 2-loop tadpole from {/net/home/lxtsfs1/tpe/poegel/Documents/master/Fl\
 
>     exibleSUSY/Output/MSSM/EWSB/Two-Loop/tadpoles.m} ...
2L tadpole expression written to:models/MSSM/MSSM_2loop_expr_tadpole_hh.m
Converting tadpoles ...
sorting couplings
extracting couplings...
[                                                  ] 1/1214[                                                  ] 2/1214[                                                  ] 3/1214[                                                  ] 4/1214[                                                  ] 5/1214[                                                  ] 6/1214[                                                  ] 7/1214[                                                  ] 8/1214[                                                  ] 9/1214[                                                  ] 10/1214[                                                  ] 11/1214[                                                  ] 12/1214[.                                                 ] 13/1214[.                                                 ] 14/1214[.                                                 ] 15/1214[.                                                 ] 16/1214[.                                                 ] 17/1214[.                                                 ] 18/1214[.                                                 ] 19/1214[.                                                 ] 20/1214[.                                                 ] 21/1214[.                                                 ] 22/1214[.                                                 ] 23/1214[.                                                 ] 24/1214[.                                                 ] 25/1214[.                                                 ] 26/1214[.                                                 ] 27/1214[.                                                 ] 28/1214[.                                                 ] 29/1214[.                                                 ] 30/1214[.                                                 ] 31/1214[.                                                 ] 32/1214[.                                                 ] 33/1214[.                                                 ] 34/1214[.                                                 ] 35/1214[.                                                 ] 36/1214[..                                                ] 37/1214[..                                                ] 38/1214[..                                                ] 39/1214[..                                                ] 40/1214[..                                                ] 41/1214[..                                                ] 42/1214[..                                                ] 43/1214[..                                                ] 44/1214[..                                                ] 45/1214[..                                                ] 46/1214[..                                                ] 47/1214[..                                                ] 48/1214[..                                                ] 49/1214[..                                                ] 50/1214[..                                                ] 51/1214[..                                                ] 52/1214[..                                                ] 53/1214[..                                                ] 54/1214[..                                                ] 55/1214[..                                                ] 56/1214[..                                                ] 57/1214[..                                                ] 58/1214[..                                                ] 59/1214[..                                                ] 60/1214[...                                               ] 61/1214[...                                               ] 62/1214[...                                               ] 63/1214[...                                               ] 64/1214[...                                               ] 65/1214[...                                               ] 66/1214[...                                               ] 67/1214[...                                               ] 68/1214[...                                               ] 69/1214[...                                               ] 70/1214[...                                               ] 71/1214[...                                               ] 72/1214[...                                               ] 73/1214[...                                               ] 74/1214[...                                               ] 75/1214[...                                               ] 76/1214[...                                               ] 77/1214[...                                               ] 78/1214[...                                               ] 79/1214[...                                               ] 80/1214[...                                               ] 81/1214[...                                               ] 82/1214[...                                               ] 83/1214[...                                               ] 84/1214[....                                              ] 85/1214[....                                              ] 86/1214[....                                              ] 87/1214[....                                              ] 88/1214[....                                              ] 89/1214[....                                              ] 90/1214[....                                              ] 91/1214[....                                              ] 92/1214[....                                              ] 93/1214[....                                              ] 94/1214[....                                              ] 95/1214[....                                              ] 96/1214[....                                              ] 97/1214[....                                              ] 98/1214[....                                              ] 99/1214[....                                              ] 100/1214[....                                              ] 101/1214[....                                              ] 102/1214[....                                              ] 103/1214[....                                              ] 104/1214[....                                              ] 105/1214[....                                              ] 106/1214[....                                              ] 107/1214[....                                              ] 108/1214[....                                              ] 109/1214[.....                                             ] 110/1214[.....                                             ] 111/1214[.....                                             ] 112/1214[.....                                             ] 113/1214[.....                                             ] 114/1214[.....                                             ] 115/1214[.....                                             ] 116/1214[.....                                             ] 117/1214[.....                                             ] 118/1214[.....                                             ] 119/1214[.....                                             ] 120/1214[.....                                             ] 121/1214[.....                                             ] 122/1214[.....                                             ] 123/1214[.....                                             ] 124/1214[.....                                             ] 125/1214[.....                                             ] 126/1214[.....                                             ] 127/1214[.....                                             ] 128/1214[.....                                             ] 129/1214[.....                                             ] 130/1214[.....                                             ] 131/1214[.....                                             ] 132/1214[.....                                             ] 133/1214[......                                            ] 134/1214[......                                            ] 135/1214[......                                            ] 136/1214[......                                            ] 137/1214[......                                            ] 138/1214[......                                            ] 139/1214[......                                            ] 140/1214[......                                            ] 141/1214[......                                            ] 142/1214[......                                            ] 143/1214[......                                            ] 144/1214[......                                            ] 145/1214[......                                            ] 146/1214[......                                            ] 147/1214[......                                            ] 148/1214[......                                            ] 149/1214[......                                            ] 150/1214[......                                            ] 151/1214[......                                            ] 152/1214[......                                            ] 153/1214[......                                            ] 154/1214[......                                            ] 155/1214[......                                            ] 156/1214[......                                            ] 157/1214[.......                                           ] 158/1214[.......                                           ] 159/1214[.......                                           ] 160/1214[.......                                           ] 161/1214[.......                                           ] 162/1214[.......                                           ] 163/1214[.......                                           ] 164/1214[.......                                           ] 165/1214[.......                                           ] 166/1214[.......                                           ] 167/1214[.......                                           ] 168/1214[.......                                           ] 169/1214[.......                                           ] 170/1214[.......                                           ] 171/1214[.......                                           ] 172/1214[.......                                           ] 173/1214[.......                                           ] 174/1214[.......                                           ] 175/1214[.......                                           ] 176/1214[.......                                           ] 177/1214[.......                                           ] 178/1214[.......                                           ] 179/1214[.......                                           ] 180/1214[.......                                           ] 181/1214[.......                                           ] 182/1214[........                                          ] 183/1214[........                                          ] 184/1214[........                                          ] 185/1214[........                                          ] 186/1214[........                                          ] 187/1214[........                                          ] 188/1214[........                                          ] 189/1214[........                                          ] 190/1214[........                                          ] 191/1214[........                                          ] 192/1214[........                                          ] 193/1214[........                                          ] 194/1214[........                                          ] 195/1214[........                                          ] 196/1214[........                                          ] 197/1214[........                                          ] 198/1214[........                                          ] 199/1214[........                                          ] 200/1214[........                                          ] 201/1214[........                                          ] 202/1214[........                                          ] 203/1214[........                                          ] 204/1214[........                                          ] 205/1214[........                                          ] 206/1214[.........                                         ] 207/1214[.........                                         ] 208/1214[.........                                         ] 209/1214[.........                                         ] 210/1214[.........                                         ] 211/1214[.........                                         ] 212/1214[.........                                         ] 213/1214[.........                                         ] 214/1214[.........                                         ] 215/1214[.........                                         ] 216/1214[.........                                         ] 217/1214[.........                                         ] 218/1214[.........                                         ] 219/1214[.........                                         ] 220/1214[.........                                         ] 221/1214[.........                                         ] 222/1214[.........                                         ] 223/1214[.........                                         ] 224/1214[.........                                         ] 225/1214[.........                                         ] 226/1214[.........                                         ] 227/1214[.........                                         ] 228/1214[.........                                         ] 229/1214[.........                                         ] 230/1214[..........                                        ] 231/1214[..........                                        ] 232/1214[..........                                        ] 233/1214[..........                                        ] 234/1214[..........                                        ] 235/1214[..........                                        ] 236/1214[..........                                        ] 237/1214[..........                                        ] 238/1214[..........                                        ] 239/1214[..........                                        ] 240/1214[..........                                        ] 241/1214[..........                                        ] 242/1214[..........                                        ] 243/1214[..........                                        ] 244/1214[..........                                        ] 245/1214[..........                                        ] 246/1214[..........                                        ] 247/1214[..........                                        ] 248/1214[..........                                        ] 249/1214[..........                                        ] 250/1214[..........                                        ] 251/1214[..........                                        ] 252/1214[..........                                        ] 253/1214[..........                                        ] 254/1214[...........                                       ] 255/1214[...........                                       ] 256/1214[...........                                       ] 257/1214[...........                                       ] 258/1214[...........                                       ] 259/1214[...........                                       ] 260/1214[...........                                       ] 261/1214[...........                                       ] 262/1214[...........                                       ] 263/1214[...........                                       ] 264/1214[...........                                       ] 265/1214[...........                                       ] 266/1214[...........                                       ] 267/1214[...........                                       ] 268/1214[...........                                       ] 269/1214[...........                                       ] 270/1214[...........                                       ] 271/1214[...........                                       ] 272/1214[...........                                       ] 273/1214[...........                                       ] 274/1214[...........                                       ] 275/1214[...........                                       ] 276/1214[...........                                       ] 277/1214[...........                                       ] 278/1214[...........                                       ] 279/1214[............                                      ] 280/1214[............                                      ] 281/1214[............                                      ] 282/1214[............                                      ] 283/1214[............                                      ] 284/1214[............                                      ] 285/1214[............                                      ] 286/1214[............                                      ] 287/1214[............                                      ] 288/1214[............                                      ] 289/1214[............                                      ] 290/1214[............                                      ] 291/1214[............                                      ] 292/1214[............                                      ] 293/1214[............                                      ] 294/1214[............                                      ] 295/1214[............                                      ] 296/1214[............                                      ] 297/1214[............                                      ] 298/1214[............                                      ] 299/1214[............                                      ] 300/1214[............                                      ] 301/1214[............                                      ] 302/1214[............                                      ] 303/1214[.............                                     ] 304/1214[.............                                     ] 305/1214[.............                                     ] 306/1214[.............                                     ] 307/1214[.............                                     ] 308/1214[.............                                     ] 309/1214[.............                                     ] 310/1214[.............                                     ] 311/1214[.............                                     ] 312/1214[.............                                     ] 313/1214[.............                                     ] 314/1214[.............                                     ] 315/1214[.............                                     ] 316/1214[.............                                     ] 317/1214[.............                                     ] 318/1214[.............                                     ] 319/1214[.............                                     ] 320/1214[.............                                     ] 321/1214[.............                                     ] 322/1214[.............                                     ] 323/1214[.............                                     ] 324/1214[.............                                     ] 325/1214[.............                                     ] 326/1214[.............                                     ] 327/1214[..............                                    ] 328/1214[..............                                    ] 329/1214[..............                                    ] 330/1214[..............                                    ] 331/1214[..............                                    ] 332/1214[..............                                    ] 333/1214[..............                                    ] 334/1214[..............                                    ] 335/1214[..............                                    ] 336/1214[..............                                    ] 337/1214[..............                                    ] 338/1214[..............                                    ] 339/1214[..............                                    ] 340/1214[..............                                    ] 341/1214[..............                                    ] 342/1214[..............                                    ] 343/1214[..............                                    ] 344/1214[..............                                    ] 345/1214[..............                                    ] 346/1214[..............                                    ] 347/1214[..............                                    ] 348/1214[..............                                    ] 349/1214[..............                                    ] 350/1214[..............                                    ] 351/1214[..............                                    ] 352/1214[...............                                   ] 353/1214[...............                                   ] 354/1214[...............                                   ] 355/1214[...............                                   ] 356/1214[...............                                   ] 357/1214[...............                                   ] 358/1214[...............                                   ] 359/1214[...............                                   ] 360/1214[...............                                   ] 361/1214[...............                                   ] 362/1214[...............                                   ] 363/1214[...............                                   ] 364/1214[...............                                   ] 365/1214[...............                                   ] 366/1214[...............                                   ] 367/1214[...............                                   ] 368/1214[...............                                   ] 369/1214[...............                                   ] 370/1214[...............                                   ] 371/1214[...............                                   ] 372/1214[...............                                   ] 373/1214[...............                                   ] 374/1214[...............                                   ] 375/1214[...............                                   ] 376/1214[................                                  ] 377/1214[................                                  ] 378/1214[................                                  ] 379/1214[................                                  ] 380/1214[................                                  ] 381/1214[................                                  ] 382/1214[................                                  ] 383/1214[................                                  ] 384/1214[................                                  ] 385/1214[................                                  ] 386/1214[................                                  ] 387/1214[................                                  ] 388/1214[................                                  ] 389/1214[................                                  ] 390/1214[................                                  ] 391/1214[................                                  ] 392/1214[................                                  ] 393/1214[................                                  ] 394/1214[................                                  ] 395/1214[................                                  ] 396/1214[................                                  ] 397/1214[................                                  ] 398/1214[................                                  ] 399/1214[................                                  ] 400/1214[.................                                 ] 401/1214[.................                                 ] 402/1214[.................                                 ] 403/1214[.................                                 ] 404/1214[.................                                 ] 405/1214[.................                                 ] 406/1214[.................                                 ] 407/1214[.................                                 ] 408/1214[.................                                 ] 409/1214[.................                                 ] 410/1214[.................                                 ] 411/1214[.................                                 ] 412/1214[.................                                 ] 413/1214[.................                                 ] 414/1214[.................                                 ] 415/1214[.................                                 ] 416/1214[.................                                 ] 417/1214[.................                                 ] 418/1214[.................                                 ] 419/1214[.................                                 ] 420/1214[.................                                 ] 421/1214[.................                                 ] 422/1214[.................                                 ] 423/1214[.................                                 ] 424/1214[..................                                ] 425/1214[..................                                ] 426/1214[..................                                ] 427/1214[..................                                ] 428/1214[..................                                ] 429/1214[..................                                ] 430/1214[..................                                ] 431/1214[..................                                ] 432/1214[..................                                ] 433/1214[..................                                ] 434/1214[..................                                ] 435/1214[..................                                ] 436/1214[..................                                ] 437/1214[..................                                ] 438/1214[..................                                ] 439/1214[..................                                ] 440/1214[..................                                ] 441/1214[..................                                ] 442/1214[..................                                ] 443/1214[..................                                ] 444/1214[..................                                ] 445/1214[..................                                ] 446/1214[..................                                ] 447/1214[..................                                ] 448/1214[..................                                ] 449/1214[...................                               ] 450/1214[...................                               ] 451/1214[...................                               ] 452/1214[...................                               ] 453/1214[...................                               ] 454/1214[...................                               ] 455/1214[...................                               ] 456/1214[...................                               ] 457/1214[...................                               ] 458/1214[...................                               ] 459/1214[...................                               ] 460/1214[...................                               ] 461/1214[...................                               ] 462/1214[...................                               ] 463/1214[...................                               ] 464/1214[...................                               ] 465/1214[...................                               ] 466/1214[...................                               ] 467/1214[...................                               ] 468/1214[...................                               ] 469/1214[...................                               ] 470/1214[...................                               ] 471/1214[...................                               ] 472/1214[...................                               ] 473/1214[....................                              ] 474/1214[....................                              ] 475/1214[....................                              ] 476/1214[....................                              ] 477/1214[....................                              ] 478/1214[....................                              ] 479/1214[....................                              ] 480/1214[....................                              ] 481/1214[....................                              ] 482/1214[....................                              ] 483/1214[....................                              ] 484/1214[....................                              ] 485/1214[....................                              ] 486/1214[....................                              ] 487/1214[....................                              ] 488/1214[....................                              ] 489/1214[....................                              ] 490/1214[....................                              ] 491/1214[....................                              ] 492/1214[....................                              ] 493/1214[....................                              ] 494/1214[....................                              ] 495/1214[....................                              ] 496/1214[....................                              ] 497/1214[.....................                             ] 498/1214[.....................                             ] 499/1214[.....................                             ] 500/1214[.....................                             ] 501/1214[.....................                             ] 502/1214[.....................                             ] 503/1214[.....................                             ] 504/1214[.....................                             ] 505/1214[.....................                             ] 506/1214[.....................                             ] 507/1214[.....................                             ] 508/1214[.....................                             ] 509/1214[.....................                             ] 510/1214[.....................                             ] 511/1214[.....................                             ] 512/1214[.....................                             ] 513/1214[.....................                             ] 514/1214[.....................                             ] 515/1214[.....................                             ] 516/1214[.....................                             ] 517/1214[.....................                             ] 518/1214[.....................                             ] 519/1214[.....................                             ] 520/1214[.....................                             ] 521/1214[.....................                             ] 522/1214[......................                            ] 523/1214[......................                            ] 524/1214[......................                            ] 525/1214[......................                            ] 526/1214[......................                            ] 527/1214[......................                            ] 528/1214[......................                            ] 529/1214[......................                            ] 530/1214[......................                            ] 531/1214[......................                            ] 532/1214[......................                            ] 533/1214[......................                            ] 534/1214[......................                            ] 535/1214[......................                            ] 536/1214[......................                            ] 537/1214[......................                            ] 538/1214[......................                            ] 539/1214[......................                            ] 540/1214[......................                            ] 541/1214[......................                            ] 542/1214[......................                            ] 543/1214[......................                            ] 544/1214[......................                            ] 545/1214[......................                            ] 546/1214[.......................                           ] 547/1214[.......................                           ] 548/1214[.......................                           ] 549/1214[.......................                           ] 550/1214[.......................                           ] 551/1214[.......................                           ] 552/1214[.......................                           ] 553/1214[.......................                           ] 554/1214[.......................                           ] 555/1214[.......................                           ] 556/1214[.......................                           ] 557/1214[.......................                           ] 558/1214[.......................                           ] 559/1214[.......................                           ] 560/1214[.......................                           ] 561/1214[.......................                           ] 562/1214[.......................                           ] 563/1214[.......................                           ] 564/1214[.......................                           ] 565/1214[.......................                           ] 566/1214[.......................                           ] 567/1214[.......................                           ] 568/1214[.......................                           ] 569/1214[.......................                           ] 570/1214[........................                          ] 571/1214[........................                          ] 572/1214[........................                          ] 573/1214[........................                          ] 574/1214[........................                          ] 575/1214[........................                          ] 576/1214[........................                          ] 577/1214[........................                          ] 578/1214[........................                          ] 579/1214[........................                          ] 580/1214[........................                          ] 581/1214[........................                          ] 582/1214[........................                          ] 583/1214[........................                          ] 584/1214[........................                          ] 585/1214[........................                          ] 586/1214[........................                          ] 587/1214[........................                          ] 588/1214[........................                          ] 589/1214[........................                          ] 590/1214[........................                          ] 591/1214[........................                          ] 592/1214[........................                          ] 593/1214[........................                          ] 594/1214[.........................                         ] 595/1214[.........................                         ] 596/1214[.........................                         ] 597/1214[.........................                         ] 598/1214[.........................                         ] 599/1214[.........................                         ] 600/1214[.........................                         ] 601/1214[.........................                         ] 602/1214[.........................                         ] 603/1214[.........................                         ] 604/1214[.........................                         ] 605/1214[.........................                         ] 606/1214[.........................                         ] 607/1214[.........................                         ] 608/1214[.........................                         ] 609/1214[.........................                         ] 610/1214[.........................                         ] 611/1214[.........................                         ] 612/1214[.........................                         ] 613/1214[.........................                         ] 614/1214[.........................                         ] 615/1214[.........................                         ] 616/1214[.........................                         ] 617/1214[.........................                         ] 618/1214[.........................                         ] 619/1214[..........................                        ] 620/1214[..........................                        ] 621/1214[..........................                        ] 622/1214[..........................                        ] 623/1214[..........................                        ] 624/1214[..........................                        ] 625/1214[..........................                        ] 626/1214[..........................                        ] 627/1214[..........................                        ] 628/1214[..........................                        ] 629/1214[..........................                        ] 630/1214[..........................                        ] 631/1214[..........................                        ] 632/1214[..........................                        ] 633/1214[..........................                        ] 634/1214[..........................                        ] 635/1214[..........................                        ] 636/1214[..........................                        ] 637/1214[..........................                        ] 638/1214[..........................                        ] 639/1214[..........................                        ] 640/1214[..........................                        ] 641/1214[..........................                        ] 642/1214[..........................                        ] 643/1214[...........................                       ] 644/1214[...........................                       ] 645/1214[...........................                       ] 646/1214[...........................                       ] 647/1214[...........................                       ] 648/1214[...........................                       ] 649/1214[...........................                       ] 650/1214[...........................                       ] 651/1214[...........................                       ] 652/1214[...........................                       ] 653/1214[...........................                       ] 654/1214[...........................                       ] 655/1214[...........................                       ] 656/1214[...........................                       ] 657/1214[...........................                       ] 658/1214[...........................                       ] 659/1214[...........................                       ] 660/1214[...........................                       ] 661/1214[...........................                       ] 662/1214[...........................                       ] 663/1214[...........................                       ] 664/1214[...........................                       ] 665/1214[...........................                       ] 666/1214[...........................                       ] 667/1214[............................                      ] 668/1214[............................                      ] 669/1214[............................                      ] 670/1214[............................                      ] 671/1214[............................                      ] 672/1214[............................                      ] 673/1214[............................                      ] 674/1214[............................                      ] 675/1214[............................                      ] 676/1214[............................                      ] 677/1214[............................                      ] 678/1214[............................                      ] 679/1214[............................                      ] 680/1214[............................                      ] 681/1214[............................                      ] 682/1214[............................                      ] 683/1214[............................                      ] 684/1214[............................                      ] 685/1214[............................                      ] 686/1214[............................                      ] 687/1214[............................                      ] 688/1214[............................                      ] 689/1214[............................                      ] 690/1214[............................                      ] 691/1214[.............................                     ] 692/1214[.............................                     ] 693/1214[.............................                     ] 694/1214[.............................                     ] 695/1214[.............................                     ] 696/1214[.............................                     ] 697/1214[.............................                     ] 698/1214[.............................                     ] 699/1214[.............................                     ] 700/1214[.............................                     ] 701/1214[.............................                     ] 702/1214[.............................                     ] 703/1214[.............................                     ] 704/1214[.............................                     ] 705/1214[.............................                     ] 706/1214[.............................                     ] 707/1214[.............................                     ] 708/1214[.............................                     ] 709/1214[.............................                     ] 710/1214[.............................                     ] 711/1214[.............................                     ] 712/1214[.............................                     ] 713/1214[.............................                     ] 714/1214[.............................                     ] 715/1214[.............................                     ] 716/1214[..............................                    ] 717/1214[..............................                    ] 718/1214[..............................                    ] 719/1214[..............................                    ] 720/1214[..............................                    ] 721/1214[..............................                    ] 722/1214[..............................                    ] 723/1214[..............................                    ] 724/1214[..............................                    ] 725/1214[..............................                    ] 726/1214[..............................                    ] 727/1214[..............................                    ] 728/1214[..............................                    ] 729/1214[..............................                    ] 730/1214[..............................                    ] 731/1214[..............................                    ] 732/1214[..............................                    ] 733/1214[..............................                    ] 734/1214[..............................                    ] 735/1214[..............................                    ] 736/1214[..............................                    ] 737/1214[..............................                    ] 738/1214[..............................                    ] 739/1214[..............................                    ] 740/1214[...............................                   ] 741/1214[...............................                   ] 742/1214[...............................                   ] 743/1214[...............................                   ] 744/1214[...............................                   ] 745/1214[...............................                   ] 746/1214[...............................                   ] 747/1214[...............................                   ] 748/1214[...............................                   ] 749/1214[...............................                   ] 750/1214[...............................                   ] 751/1214[...............................                   ] 752/1214[...............................                   ] 753/1214[...............................                   ] 754/1214[...............................                   ] 755/1214[...............................                   ] 756/1214[...............................                   ] 757/1214[...............................                   ] 758/1214[...............................                   ] 759/1214[...............................                   ] 760/1214[...............................                   ] 761/1214[...............................                   ] 762/1214[...............................                   ] 763/1214[...............................                   ] 764/1214[................................                  ] 765/1214[................................                  ] 766/1214[................................                  ] 767/1214[................................                  ] 768/1214[................................                  ] 769/1214[................................                  ] 770/1214[................................                  ] 771/1214[................................                  ] 772/1214[................................                  ] 773/1214[................................                  ] 774/1214[................................                  ] 775/1214[................................                  ] 776/1214[................................                  ] 777/1214[................................                  ] 778/1214[................................                  ] 779/1214[................................                  ] 780/1214[................................                  ] 781/1214[................................                  ] 782/1214[................................                  ] 783/1214[................................                  ] 784/1214[................................                  ] 785/1214[................................                  ] 786/1214[................................                  ] 787/1214[................................                  ] 788/1214[................................                  ] 789/1214[.................................                 ] 790/1214[.................................                 ] 791/1214[.................................                 ] 792/1214[.................................                 ] 793/1214[.................................                 ] 794/1214[.................................                 ] 795/1214[.................................                 ] 796/1214[.................................                 ] 797/1214[.................................                 ] 798/1214[.................................                 ] 799/1214[.................................                 ] 800/1214[.................................                 ] 801/1214[.................................                 ] 802/1214[.................................                 ] 803/1214[.................................                 ] 804/1214[.................................                 ] 805/1214[.................................                 ] 806/1214[.................................                 ] 807/1214[.................................                 ] 808/1214[.................................                 ] 809/1214[.................................                 ] 810/1214[.................................                 ] 811/1214[.................................                 ] 812/1214[.................................                 ] 813/1214[..................................                ] 814/1214[..................................                ] 815/1214[..................................                ] 816/1214[..................................                ] 817/1214[..................................                ] 818/1214[..................................                ] 819/1214[..................................                ] 820/1214[..................................                ] 821/1214[..................................                ] 822/1214[..................................                ] 823/1214[..................................                ] 824/1214[..................................                ] 825/1214[..................................                ] 826/1214[..................................                ] 827/1214[..................................                ] 828/1214[..................................                ] 829/1214[..................................                ] 830/1214[..................................                ] 831/1214[..................................                ] 832/1214[..................................                ] 833/1214[..................................                ] 834/1214[..................................                ] 835/1214[..................................                ] 836/1214[..................................                ] 837/1214[...................................               ] 838/1214[...................................               ] 839/1214[...................................               ] 840/1214[...................................               ] 841/1214[...................................               ] 842/1214[...................................               ] 843/1214[...................................               ] 844/1214[...................................               ] 845/1214[...................................               ] 846/1214[...................................               ] 847/1214[...................................               ] 848/1214[...................................               ] 849/1214[...................................               ] 850/1214[...................................               ] 851/1214[...................................               ] 852/1214[...................................               ] 853/1214[...................................               ] 854/1214[...................................               ] 855/1214[...................................               ] 856/1214[...................................               ] 857/1214[...................................               ] 858/1214[...................................               ] 859/1214[...................................               ] 860/1214[...................................               ] 861/1214[....................................              ] 862/1214[....................................              ] 863/1214[....................................              ] 864/1214[....................................              ] 865/1214[....................................              ] 866/1214[....................................              ] 867/1214[....................................              ] 868/1214[....................................              ] 869/1214[....................................              ] 870/1214[....................................              ] 871/1214[....................................              ] 872/1214[....................................              ] 873/1214[....................................              ] 874/1214[....................................              ] 875/1214[....................................              ] 876/1214[....................................              ] 877/1214[....................................              ] 878/1214[....................................              ] 879/1214[....................................              ] 880/1214[....................................              ] 881/1214[....................................              ] 882/1214[....................................              ] 883/1214[....................................              ] 884/1214[....................................              ] 885/1214[....................................              ] 886/1214[.....................................             ] 887/1214[.....................................             ] 888/1214[.....................................             ] 889/1214[.....................................             ] 890/1214[.....................................             ] 891/1214[.....................................             ] 892/1214[.....................................             ] 893/1214[.....................................             ] 894/1214[.....................................             ] 895/1214[.....................................             ] 896/1214[.....................................             ] 897/1214[.....................................             ] 898/1214[.....................................             ] 899/1214[.....................................             ] 900/1214[.....................................             ] 901/1214[.....................................             ] 902/1214[.....................................             ] 903/1214[.....................................             ] 904/1214[.....................................             ] 905/1214[.....................................             ] 906/1214[.....................................             ] 907/1214[.....................................             ] 908/1214[.....................................             ] 909/1214[.....................................             ] 910/1214[......................................            ] 911/1214[......................................            ] 912/1214[......................................            ] 913/1214[......................................            ] 914/1214[......................................            ] 915/1214[......................................            ] 916/1214[......................................            ] 917/1214[......................................            ] 918/1214[......................................            ] 919/1214[......................................            ] 920/1214[......................................            ] 921/1214[......................................            ] 922/1214[......................................            ] 923/1214[......................................            ] 924/1214[......................................            ] 925/1214[......................................            ] 926/1214[......................................            ] 927/1214[......................................            ] 928/1214[......................................            ] 929/1214[......................................            ] 930/1214[......................................            ] 931/1214[......................................            ] 932/1214[......................................            ] 933/1214[......................................            ] 934/1214[.......................................           ] 935/1214[.......................................           ] 936/1214[.......................................           ] 937/1214[.......................................           ] 938/1214[.......................................           ] 939/1214[.......................................           ] 940/1214[.......................................           ] 941/1214[.......................................           ] 942/1214[.......................................           ] 943/1214[.......................................           ] 944/1214[.......................................           ] 945/1214[.......................................           ] 946/1214[.......................................           ] 947/1214[.......................................           ] 948/1214[.......................................           ] 949/1214[.......................................           ] 950/1214[.......................................           ] 951/1214[.......................................           ] 952/1214[.......................................           ] 953/1214[.......................................           ] 954/1214[.......................................           ] 955/1214[.......................................           ] 956/1214[.......................................           ] 957/1214[.......................................           ] 958/1214[.......................................           ] 959/1214[........................................          ] 960/1214[........................................          ] 961/1214[........................................          ] 962/1214[........................................          ] 963/1214[........................................          ] 964/1214[........................................          ] 965/1214[........................................          ] 966/1214[........................................          ] 967/1214[........................................          ] 968/1214[........................................          ] 969/1214[........................................          ] 970/1214[........................................          ] 971/1214[........................................          ] 972/1214[........................................          ] 973/1214[........................................          ] 974/1214[........................................          ] 975/1214[........................................          ] 976/1214[........................................          ] 977/1214[........................................          ] 978/1214[........................................          ] 979/1214[........................................          ] 980/1214[........................................          ] 981/1214[........................................          ] 982/1214[........................................          ] 983/1214[.........................................         ] 984/1214[.........................................         ] 985/1214[.........................................         ] 986/1214[.........................................         ] 987/1214[.........................................         ] 988/1214[.........................................         ] 989/1214[.........................................         ] 990/1214[.........................................         ] 991/1214[.........................................         ] 992/1214[.........................................         ] 993/1214[.........................................         ] 994/1214[.........................................         ] 995/1214[.........................................         ] 996/1214[.........................................         ] 997/1214[.........................................         ] 998/1214[.........................................         ] 999/1214[.........................................         ] 1000/1214[.........................................         ] 1001/1214[.........................................         ] 1002/1214[.........................................         ] 1003/1214[.........................................         ] 1004/1214[.........................................         ] 1005/1214[.........................................         ] 1006/1214[.........................................         ] 1007/1214[..........................................        ] 1008/1214[..........................................        ] 1009/1214[..........................................        ] 1010/1214[..........................................        ] 1011/1214[..........................................        ] 1012/1214[..........................................        ] 1013/1214[..........................................        ] 1014/1214[..........................................        ] 1015/1214[..........................................        ] 1016/1214[..........................................        ] 1017/1214[..........................................        ] 1018/1214[..........................................        ] 1019/1214[..........................................        ] 1020/1214[..........................................        ] 1021/1214[..........................................        ] 1022/1214[..........................................        ] 1023/1214[..........................................        ] 1024/1214[..........................................        ] 1025/1214[..........................................        ] 1026/1214[..........................................        ] 1027/1214[..........................................        ] 1028/1214[..........................................        ] 1029/1214[..........................................        ] 1030/1214[..........................................        ] 1031/1214[...........................................       ] 1032/1214[...........................................       ] 1033/1214[...........................................       ] 1034/1214[...........................................       ] 1035/1214[...........................................       ] 1036/1214[...........................................       ] 1037/1214[...........................................       ] 1038/1214[...........................................       ] 1039/1214[...........................................       ] 1040/1214[...........................................       ] 1041/1214[...........................................       ] 1042/1214[...........................................       ] 1043/1214[...........................................       ] 1044/1214[...........................................       ] 1045/1214[...........................................       ] 1046/1214[...........................................       ] 1047/1214[...........................................       ] 1048/1214[...........................................       ] 1049/1214[...........................................       ] 1050/1214[...........................................       ] 1051/1214[...........................................       ] 1052/1214[...........................................       ] 1053/1214[...........................................       ] 1054/1214[...........................................       ] 1055/1214[...........................................       ] 1056/1214[............................................      ] 1057/1214[............................................      ] 1058/1214[............................................      ] 1059/1214[............................................      ] 1060/1214[............................................      ] 1061/1214[............................................      ] 1062/1214[............................................      ] 1063/1214[............................................      ] 1064/1214[............................................      ] 1065/1214[............................................      ] 1066/1214[............................................      ] 1067/1214[............................................      ] 1068/1214[............................................      ] 1069/1214[............................................      ] 1070/1214[............................................      ] 1071/1214[............................................      ] 1072/1214[............................................      ] 1073/1214[............................................      ] 1074/1214[............................................      ] 1075/1214[............................................      ] 1076/1214[............................................      ] 1077/1214[............................................      ] 1078/1214[............................................      ] 1079/1214[............................................      ] 1080/1214[.............................................     ] 1081/1214[.............................................     ] 1082/1214[.............................................     ] 1083/1214[.............................................     ] 1084/1214[.............................................     ] 1085/1214[.............................................     ] 1086/1214[.............................................     ] 1087/1214[.............................................     ] 1088/1214[.............................................     ] 1089/1214[.............................................     ] 1090/1214[.............................................     ] 1091/1214[.............................................     ] 1092/1214[.............................................     ] 1093/1214[.............................................     ] 1094/1214[.............................................     ] 1095/1214[.............................................     ] 1096/1214[.............................................     ] 1097/1214[.............................................     ] 1098/1214[.............................................     ] 1099/1214[.............................................     ] 1100/1214[.............................................     ] 1101/1214[.............................................     ] 1102/1214[.............................................     ] 1103/1214[.............................................     ] 1104/1214[..............................................    ] 1105/1214[..............................................    ] 1106/1214[..............................................    ] 1107/1214[..............................................    ] 1108/1214[..............................................    ] 1109/1214[..............................................    ] 1110/1214[..............................................    ] 1111/1214[..............................................    ] 1112/1214[..............................................    ] 1113/1214[..............................................    ] 1114/1214[..............................................    ] 1115/1214[..............................................    ] 1116/1214[..............................................    ] 1117/1214[..............................................    ] 1118/1214[..............................................    ] 1119/1214[..............................................    ] 1120/1214[..............................................    ] 1121/1214[..............................................    ] 1122/1214[..............................................    ] 1123/1214[..............................................    ] 1124/1214[..............................................    ] 1125/1214[..............................................    ] 1126/1214[..............................................    ] 1127/1214[..............................................    ] 1128/1214[..............................................    ] 1129/1214[...............................................   ] 1130/1214[...............................................   ] 1131/1214[...............................................   ] 1132/1214[...............................................   ] 1133/1214[...............................................   ] 1134/1214[...............................................   ] 1135/1214[...............................................   ] 1136/1214[...............................................   ] 1137/1214[...............................................   ] 1138/1214[...............................................   ] 1139/1214[...............................................   ] 1140/1214[...............................................   ] 1141/1214[...............................................   ] 1142/1214[...............................................   ] 1143/1214[...............................................   ] 1144/1214[...............................................   ] 1145/1214[...............................................   ] 1146/1214[...............................................   ] 1147/1214[...............................................   ] 1148/1214[...............................................   ] 1149/1214[...............................................   ] 1150/1214[...............................................   ] 1151/1214[...............................................   ] 1152/1214[...............................................   ] 1153/1214[................................................  ] 1154/1214[................................................  ] 1155/1214[................................................  ] 1156/1214[................................................  ] 1157/1214[................................................  ] 1158/1214[................................................  ] 1159/1214[................................................  ] 1160/1214[................................................  ] 1161/1214[................................................  ] 1162/1214[................................................  ] 1163/1214[................................................  ] 1164/1214[................................................  ] 1165/1214[................................................  ] 1166/1214[................................................  ] 1167/1214[................................................  ] 1168/1214[................................................  ] 1169/1214[................................................  ] 1170/1214[................................................  ] 1171/1214[................................................  ] 1172/1214[................................................  ] 1173/1214[................................................  ] 1174/1214[................................................  ] 1175/1214[................................................  ] 1176/1214[................................................  ] 1177/1214[................................................. ] 1178/1214[................................................. ] 1179/1214[................................................. ] 1180/1214[................................................. ] 1181/1214[................................................. ] 1182/1214[................................................. ] 1183/1214[................................................. ] 1184/1214[................................................. ] 1185/1214[................................................. ] 1186/1214[................................................. ] 1187/1214[................................................. ] 1188/1214[................................................. ] 1189/1214[................................................. ] 1190/1214[................................................. ] 1191/1214[................................................. ] 1192/1214[................................................. ] 1193/1214[................................................. ] 1194/1214[................................................. ] 1195/1214[................................................. ] 1196/1214[................................................. ] 1197/1214[................................................. ] 1198/1214[................................................. ] 1199/1214[................................................. ] 1200/1214[................................................. ] 1201/1214[..................................................] 1202/1214[..................................................] 1203/1214[..................................................] 1204/1214[..................................................] 1205/1214[..................................................] 1206/1214[..................................................] 1207/1214[..................................................] 1208/1214[..................................................] 1209/1214[..................................................] 1210/1214[..................................................] 1211/1214[..................................................] 1212/1214[..................................................] 1213/1214[..................................................] 1214/1214[..................................................] 1214/1214
sort and replace...
[                                                  ] 1/1210[                                                  ] 2/1210[                                                  ] 3/1210[                                                  ] 4/1210[                                                  ] 5/1210[                                                  ] 6/1210[                                                  ] 7/1210[                                                  ] 8/1210[                                                  ] 9/1210[                                                  ] 10/1210[                                                  ] 11/1210[                                                  ] 12/1210[.                                                 ] 13/1210[.                                                 ] 14/1210[.                                                 ] 15/1210[.                                                 ] 16/1210[.                                                 ] 17/1210[.                                                 ] 18/1210[.                                                 ] 19/1210[.                                                 ] 20/1210[.                                                 ] 21/1210[.                                                 ] 22/1210[.                                                 ] 23/1210[.                                                 ] 24/1210[.                                                 ] 25/1210[.                                                 ] 26/1210[.                                                 ] 27/1210[.                                                 ] 28/1210[.                                                 ] 29/1210[.                                                 ] 30/1210[.                                                 ] 31/1210[.                                                 ] 32/1210[.                                                 ] 33/1210[.                                                 ] 34/1210[.                                                 ] 35/1210[.                                                 ] 36/1210[..                                                ] 37/1210[..                                                ] 38/1210[..                                                ] 39/1210[..                                                ] 40/1210[..                                                ] 41/1210[..                                                ] 42/1210[..                                                ] 43/1210[..                                                ] 44/1210[..                                                ] 45/1210[..                                                ] 46/1210[..                                                ] 47/1210[..                                                ] 48/1210[..                                                ] 49/1210[..                                                ] 50/1210[..                                                ] 51/1210[..                                                ] 52/1210[..                                                ] 53/1210[..                                                ] 54/1210[..                                                ] 55/1210[..                                                ] 56/1210[..                                                ] 57/1210[..                                                ] 58/1210[..                                                ] 59/1210[..                                                ] 60/1210[...                                               ] 61/1210[...                                               ] 62/1210[...                                               ] 63/1210[...                                               ] 64/1210[...                                               ] 65/1210[...                                               ] 66/1210[...                                               ] 67/1210[...                                               ] 68/1210[...                                               ] 69/1210[...                                               ] 70/1210[...                                               ] 71/1210[...                                               ] 72/1210[...                                               ] 73/1210[...                                               ] 74/1210[...                                               ] 75/1210[...                                               ] 76/1210[...                                               ] 77/1210[...                                               ] 78/1210[...                                               ] 79/1210[...                                               ] 80/1210[...                                               ] 81/1210[...                                               ] 82/1210[...                                               ] 83/1210[...                                               ] 84/1210[....                                              ] 85/1210[....                                              ] 86/1210[....                                              ] 87/1210[....                                              ] 88/1210[....                                              ] 89/1210[....                                              ] 90/1210[....                                              ] 91/1210[....                                              ] 92/1210[....                                              ] 93/1210[....                                              ] 94/1210[....                                              ] 95/1210[....                                              ] 96/1210[....                                              ] 97/1210[....                                              ] 98/1210[....                                              ] 99/1210[....                                              ] 100/1210[....                                              ] 101/1210[....                                              ] 102/1210[....                                              ] 103/1210[....                                              ] 104/1210[....                                              ] 105/1210[....                                              ] 106/1210[....                                              ] 107/1210[....                                              ] 108/1210[.....                                             ] 109/1210[.....                                             ] 110/1210[.....                                             ] 111/1210[.....                                             ] 112/1210[.....                                             ] 113/1210[.....                                             ] 114/1210[.....                                             ] 115/1210[.....                                             ] 116/1210[.....                                             ] 117/1210[.....                                             ] 118/1210[.....                                             ] 119/1210[.....                                             ] 120/1210[.....                                             ] 121/1210[.....                                             ] 122/1210[.....                                             ] 123/1210[.....                                             ] 124/1210[.....                                             ] 125/1210[.....                                             ] 126/1210[.....                                             ] 127/1210[.....                                             ] 128/1210[.....                                             ] 129/1210[.....                                             ] 130/1210[.....                                             ] 131/1210[.....                                             ] 132/1210[.....                                             ] 133/1210[......                                            ] 134/1210[......                                            ] 135/1210[......                                            ] 136/1210[......                                            ] 137/1210[......                                            ] 138/1210[......                                            ] 139/1210[......                                            ] 140/1210[......                                            ] 141/1210[......                                            ] 142/1210[......                                            ] 143/1210[......                                            ] 144/1210[......                                            ] 145/1210[......                                            ] 146/1210[......                                            ] 147/1210[......                                            ] 148/1210[......                                            ] 149/1210[......                                            ] 150/1210[......                                            ] 151/1210[......                                            ] 152/1210[......                                            ] 153/1210[......                                            ] 154/1210[......                                            ] 155/1210[......                                            ] 156/1210[......                                            ] 157/1210[.......                                           ] 158/1210[.......                                           ] 159/1210[.......                                           ] 160/1210[.......                                           ] 161/1210[.......                                           ] 162/1210[.......                                           ] 163/1210[.......                                           ] 164/1210[.......                                           ] 165/1210[.......                                           ] 166/1210[.......                                           ] 167/1210[.......                                           ] 168/1210[.......                                           ] 169/1210[.......                                           ] 170/1210[.......                                           ] 171/1210[.......                                           ] 172/1210[.......                                           ] 173/1210[.......                                           ] 174/1210[.......                                           ] 175/1210[.......                                           ] 176/1210[.......                                           ] 177/1210[.......                                           ] 178/1210[.......                                           ] 179/1210[.......                                           ] 180/1210[.......                                           ] 181/1210[........                                          ] 182/1210[........                                          ] 183/1210[........                                          ] 184/1210[........                                          ] 185/1210[........                                          ] 186/1210[........                                          ] 187/1210[........                                          ] 188/1210[........                                          ] 189/1210[........                                          ] 190/1210[........                                          ] 191/1210[........                                          ] 192/1210[........                                          ] 193/1210[........                                          ] 194/1210[........                                          ] 195/1210[........                                          ] 196/1210[........                                          ] 197/1210[........                                          ] 198/1210[........                                          ] 199/1210[........                                          ] 200/1210[........                                          ] 201/1210[........                                          ] 202/1210[........                                          ] 203/1210[........                                          ] 204/1210[........                                          ] 205/1210[.........                                         ] 206/1210[.........                                         ] 207/1210[.........                                         ] 208/1210[.........                                         ] 209/1210[.........                                         ] 210/1210[.........                                         ] 211/1210[.........                                         ] 212/1210[.........                                         ] 213/1210[.........                                         ] 214/1210[.........                                         ] 215/1210[.........                                         ] 216/1210[.........                                         ] 217/1210[.........                                         ] 218/1210[.........                                         ] 219/1210[.........                                         ] 220/1210[.........                                         ] 221/1210[.........                                         ] 222/1210[.........                                         ] 223/1210[.........                                         ] 224/1210[.........                                         ] 225/1210[.........                                         ] 226/1210[.........                                         ] 227/1210[.........                                         ] 228/1210[.........                                         ] 229/1210[..........                                        ] 230/1210[..........                                        ] 231/1210[..........                                        ] 232/1210[..........                                        ] 233/1210[..........                                        ] 234/1210[..........                                        ] 235/1210[..........                                        ] 236/1210[..........                                        ] 237/1210[..........                                        ] 238/1210[..........                                        ] 239/1210[..........                                        ] 240/1210[..........                                        ] 241/1210[..........                                        ] 242/1210[..........                                        ] 243/1210[..........                                        ] 244/1210[..........                                        ] 245/1210[..........                                        ] 246/1210[..........                                        ] 247/1210[..........                                        ] 248/1210[..........                                        ] 249/1210[..........                                        ] 250/1210[..........                                        ] 251/1210[..........                                        ] 252/1210[..........                                        ] 253/1210[..........                                        ] 254/1210[...........                                       ] 255/1210[...........                                       ] 256/1210[...........                                       ] 257/1210[...........                                       ] 258/1210[...........                                       ] 259/1210[...........                                       ] 260/1210[...........                                       ] 261/1210[...........                                       ] 262/1210[...........                                       ] 263/1210[...........                                       ] 264/1210[...........                                       ] 265/1210[...........                                       ] 266/1210[...........                                       ] 267/1210[...........                                       ] 268/1210[...........                                       ] 269/1210[...........                                       ] 270/1210[...........                                       ] 271/1210[...........                                       ] 272/1210[...........                                       ] 273/1210[...........                                       ] 274/1210[...........                                       ] 275/1210[...........                                       ] 276/1210[...........                                       ] 277/1210[...........                                       ] 278/1210[............                                      ] 279/1210[............                                      ] 280/1210[............                                      ] 281/1210[............                                      ] 282/1210[............                                      ] 283/1210[............                                      ] 284/1210[............                                      ] 285/1210[............                                      ] 286/1210[............                                      ] 287/1210[............                                      ] 288/1210[............                                      ] 289/1210[............                                      ] 290/1210[............                                      ] 291/1210[............                                      ] 292/1210[............                                      ] 293/1210[............                                      ] 294/1210[............                                      ] 295/1210[............                                      ] 296/1210[............                                      ] 297/1210[............                                      ] 298/1210[............                                      ] 299/1210[............                                      ] 300/1210[............                                      ] 301/1210[............                                      ] 302/1210[.............                                     ] 303/1210[.............                                     ] 304/1210[.............                                     ] 305/1210[.............                                     ] 306/1210[.............                                     ] 307/1210[.............                                     ] 308/1210[.............                                     ] 309/1210[.............                                     ] 310/1210[.............                                     ] 311/1210[.............                                     ] 312/1210[.............                                     ] 313/1210[.............                                     ] 314/1210[.............                                     ] 315/1210[.............                                     ] 316/1210[.............                                     ] 317/1210[.............                                     ] 318/1210[.............                                     ] 319/1210[.............                                     ] 320/1210[.............                                     ] 321/1210[.............                                     ] 322/1210[.............                                     ] 323/1210[.............                                     ] 324/1210[.............                                     ] 325/1210[.............                                     ] 326/1210[..............                                    ] 327/1210[..............                                    ] 328/1210[..............                                    ] 329/1210[..............                                    ] 330/1210[..............                                    ] 331/1210[..............                                    ] 332/1210[..............                                    ] 333/1210[..............                                    ] 334/1210[..............                                    ] 335/1210[..............                                    ] 336/1210[..............                                    ] 337/1210[..............                                    ] 338/1210[..............                                    ] 339/1210[..............                                    ] 340/1210[..............                                    ] 341/1210[..............                                    ] 342/1210[..............                                    ] 343/1210[..............                                    ] 344/1210[..............                                    ] 345/1210[..............                                    ] 346/1210[..............                                    ] 347/1210[..............                                    ] 348/1210[..............                                    ] 349/1210[..............                                    ] 350/1210[...............                                   ] 351/1210[...............                                   ] 352/1210[...............                                   ] 353/1210[...............                                   ] 354/1210[...............                                   ] 355/1210[...............                                   ] 356/1210[...............                                   ] 357/1210[...............                                   ] 358/1210[...............                                   ] 359/1210[...............                                   ] 360/1210[...............                                   ] 361/1210[...............                                   ] 362/1210[...............                                   ] 363/1210[...............                                   ] 364/1210[...............                                   ] 365/1210[...............                                   ] 366/1210[...............                                   ] 367/1210[...............                                   ] 368/1210[...............                                   ] 369/1210[...............                                   ] 370/1210[...............                                   ] 371/1210[...............                                   ] 372/1210[...............                                   ] 373/1210[...............                                   ] 374/1210[...............                                   ] 375/1210[................                                  ] 376/1210[................                                  ] 377/1210[................                                  ] 378/1210[................                                  ] 379/1210[................                                  ] 380/1210[................                                  ] 381/1210[................                                  ] 382/1210[................                                  ] 383/1210[................                                  ] 384/1210[................                                  ] 385/1210[................                                  ] 386/1210[................                                  ] 387/1210[................                                  ] 388/1210[................                                  ] 389/1210[................                                  ] 390/1210[................                                  ] 391/1210[................                                  ] 392/1210[................                                  ] 393/1210[................                                  ] 394/1210[................                                  ] 395/1210[................                                  ] 396/1210[................                                  ] 397/1210[................                                  ] 398/1210[................                                  ] 399/1210[.................                                 ] 400/1210[.................                                 ] 401/1210[.................                                 ] 402/1210[.................                                 ] 403/1210[.................                                 ] 404/1210[.................                                 ] 405/1210[.................                                 ] 406/1210[.................                                 ] 407/1210[.................                                 ] 408/1210[.................                                 ] 409/1210[.................                                 ] 410/1210[.................                                 ] 411/1210[.................                                 ] 412/1210[.................                                 ] 413/1210[.................                                 ] 414/1210[.................                                 ] 415/1210[.................                                 ] 416/1210[.................                                 ] 417/1210[.................                                 ] 418/1210[.................                                 ] 419/1210[.................                                 ] 420/1210[.................                                 ] 421/1210[.................                                 ] 422/1210[.................                                 ] 423/1210[..................                                ] 424/1210[..................                                ] 425/1210[..................                                ] 426/1210[..................                                ] 427/1210[..................                                ] 428/1210[..................                                ] 429/1210[..................                                ] 430/1210[..................                                ] 431/1210[..................                                ] 432/1210[..................                                ] 433/1210[..................                                ] 434/1210[..................                                ] 435/1210[..................                                ] 436/1210[..................                                ] 437/1210[..................                                ] 438/1210[..................                                ] 439/1210[..................                                ] 440/1210[..................                                ] 441/1210[..................                                ] 442/1210[..................                                ] 443/1210[..................                                ] 444/1210[..................                                ] 445/1210[..................                                ] 446/1210[..................                                ] 447/1210[...................                               ] 448/1210[...................                               ] 449/1210[...................                               ] 450/1210[...................                               ] 451/1210[...................                               ] 452/1210[...................                               ] 453/1210[...................                               ] 454/1210[...................                               ] 455/1210[...................                               ] 456/1210[...................                               ] 457/1210[...................                               ] 458/1210[...................                               ] 459/1210[...................                               ] 460/1210[...................                               ] 461/1210[...................                               ] 462/1210[...................                               ] 463/1210[...................                               ] 464/1210[...................                               ] 465/1210[...................                               ] 466/1210[...................                               ] 467/1210[...................                               ] 468/1210[...................                               ] 469/1210[...................                               ] 470/1210[...................                               ] 471/1210[....................                              ] 472/1210[....................                              ] 473/1210[....................                              ] 474/1210[....................                              ] 475/1210[....................                              ] 476/1210[....................                              ] 477/1210[....................                              ] 478/1210[....................                              ] 479/1210[....................                              ] 480/1210[....................                              ] 481/1210[....................                              ] 482/1210[....................                              ] 483/1210[....................                              ] 484/1210[....................                              ] 485/1210[....................                              ] 486/1210[....................                              ] 487/1210[....................                              ] 488/1210[....................                              ] 489/1210[....................                              ] 490/1210[....................                              ] 491/1210[....................                              ] 492/1210[....................                              ] 493/1210[....................                              ] 494/1210[....................                              ] 495/1210[....................                              ] 496/1210[.....................                             ] 497/1210[.....................                             ] 498/1210[.....................                             ] 499/1210[.....................                             ] 500/1210[.....................                             ] 501/1210[.....................                             ] 502/1210[.....................                             ] 503/1210[.....................                             ] 504/1210[.....................                             ] 505/1210[.....................                             ] 506/1210[.....................                             ] 507/1210[.....................                             ] 508/1210[.....................                             ] 509/1210[.....................                             ] 510/1210[.....................                             ] 511/1210[.....................                             ] 512/1210[.....................                             ] 513/1210[.....................                             ] 514/1210[.....................                             ] 515/1210[.....................                             ] 516/1210[.....................                             ] 517/1210[.....................                             ] 518/1210[.....................                             ] 519/1210[.....................                             ] 520/1210[......................                            ] 521/1210[......................                            ] 522/1210[......................                            ] 523/1210[......................                            ] 524/1210[......................                            ] 525/1210[......................                            ] 526/1210[......................                            ] 527/1210[......................                            ] 528/1210[......................                            ] 529/1210[......................                            ] 530/1210[......................                            ] 531/1210[......................                            ] 532/1210[......................                            ] 533/1210[......................                            ] 534/1210[......................                            ] 535/1210[......................                            ] 536/1210[......................                            ] 537/1210[......................                            ] 538/1210[......................                            ] 539/1210[......................                            ] 540/1210[......................                            ] 541/1210[......................                            ] 542/1210[......................                            ] 543/1210[......................                            ] 544/1210[.......................                           ] 545/1210[.......................                           ] 546/1210[.......................                           ] 547/1210[.......................                           ] 548/1210[.......................                           ] 549/1210[.......................                           ] 550/1210[.......................                           ] 551/1210[.......................                           ] 552/1210[.......................                           ] 553/1210[.......................                           ] 554/1210[.......................                           ] 555/1210[.......................                           ] 556/1210[.......................                           ] 557/1210[.......................                           ] 558/1210[.......................                           ] 559/1210[.......................                           ] 560/1210[.......................                           ] 561/1210[.......................                           ] 562/1210[.......................                           ] 563/1210[.......................                           ] 564/1210[.......................                           ] 565/1210[.......................                           ] 566/1210[.......................                           ] 567/1210[.......................                           ] 568/1210[........................                          ] 569/1210[........................                          ] 570/1210[........................                          ] 571/1210[........................                          ] 572/1210[........................                          ] 573/1210[........................                          ] 574/1210[........................                          ] 575/1210[........................                          ] 576/1210[........................                          ] 577/1210[........................                          ] 578/1210[........................                          ] 579/1210[........................                          ] 580/1210[........................                          ] 581/1210[........................                          ] 582/1210[........................                          ] 583/1210[........................                          ] 584/1210[........................                          ] 585/1210[........................                          ] 586/1210[........................                          ] 587/1210[........................                          ] 588/1210[........................                          ] 589/1210[........................                          ] 590/1210[........................                          ] 591/1210[........................                          ] 592/1210[.........................                         ] 593/1210[.........................                         ] 594/1210[.........................                         ] 595/1210[.........................                         ] 596/1210[.........................                         ] 597/1210[.........................                         ] 598/1210[.........................                         ] 599/1210[.........................                         ] 600/1210[.........................                         ] 601/1210[.........................                         ] 602/1210[.........................                         ] 603/1210[.........................                         ] 604/1210[.........................                         ] 605/1210[.........................                         ] 606/1210[.........................                         ] 607/1210[.........................                         ] 608/1210[.........................                         ] 609/1210[.........................                         ] 610/1210[.........................                         ] 611/1210[.........................                         ] 612/1210[.........................                         ] 613/1210[.........................                         ] 614/1210[.........................                         ] 615/1210[.........................                         ] 616/1210[.........................                         ] 617/1210[..........................                        ] 618/1210[..........................                        ] 619/1210[..........................                        ] 620/1210[..........................                        ] 621/1210[..........................                        ] 622/1210[..........................                        ] 623/1210[..........................                        ] 624/1210[..........................                        ] 625/1210[..........................                        ] 626/1210[..........................                        ] 627/1210[..........................                        ] 628/1210[..........................                        ] 629/1210[..........................                        ] 630/1210[..........................                        ] 631/1210[..........................                        ] 632/1210[..........................                        ] 633/1210[..........................                        ] 634/1210[..........................                        ] 635/1210[..........................                        ] 636/1210[..........................                        ] 637/1210[..........................                        ] 638/1210[..........................                        ] 639/1210[..........................                        ] 640/1210[..........................                        ] 641/1210[...........................                       ] 642/1210[...........................                       ] 643/1210[...........................                       ] 644/1210[...........................                       ] 645/1210[...........................                       ] 646/1210[...........................                       ] 647/1210[...........................                       ] 648/1210[...........................                       ] 649/1210[...........................                       ] 650/1210[...........................                       ] 651/1210[...........................                       ] 652/1210[...........................                       ] 653/1210[...........................                       ] 654/1210[...........................                       ] 655/1210[...........................                       ] 656/1210[...........................                       ] 657/1210[...........................                       ] 658/1210[...........................                       ] 659/1210[...........................                       ] 660/1210[...........................                       ] 661/1210[...........................                       ] 662/1210[...........................                       ] 663/1210[...........................                       ] 664/1210[...........................                       ] 665/1210[............................                      ] 666/1210[............................                      ] 667/1210[............................                      ] 668/1210[............................                      ] 669/1210[............................                      ] 670/1210[............................                      ] 671/1210[............................                      ] 672/1210[............................                      ] 673/1210[............................                      ] 674/1210[............................                      ] 675/1210[............................                      ] 676/1210[............................                      ] 677/1210[............................                      ] 678/1210[............................                      ] 679/1210[............................                      ] 680/1210[............................                      ] 681/1210[............................                      ] 682/1210[............................                      ] 683/1210[............................                      ] 684/1210[............................                      ] 685/1210[............................                      ] 686/1210[............................                      ] 687/1210[............................                      ] 688/1210[............................                      ] 689/1210[.............................                     ] 690/1210[.............................                     ] 691/1210[.............................                     ] 692/1210[.............................                     ] 693/1210[.............................                     ] 694/1210[.............................                     ] 695/1210[.............................                     ] 696/1210[.............................                     ] 697/1210[.............................                     ] 698/1210[.............................                     ] 699/1210[.............................                     ] 700/1210[.............................                     ] 701/1210[.............................                     ] 702/1210[.............................                     ] 703/1210[.............................                     ] 704/1210[.............................                     ] 705/1210[.............................                     ] 706/1210[.............................                     ] 707/1210[.............................                     ] 708/1210[.............................                     ] 709/1210[.............................                     ] 710/1210[.............................                     ] 711/1210[.............................                     ] 712/1210[.............................                     ] 713/1210[..............................                    ] 714/1210[..............................                    ] 715/1210[..............................                    ] 716/1210[..............................                    ] 717/1210[..............................                    ] 718/1210[..............................                    ] 719/1210[..............................                    ] 720/1210[..............................                    ] 721/1210[..............................                    ] 722/1210[..............................                    ] 723/1210[..............................                    ] 724/1210[..............................                    ] 725/1210[..............................                    ] 726/1210[..............................                    ] 727/1210[..............................                    ] 728/1210[..............................                    ] 729/1210[..............................                    ] 730/1210[..............................                    ] 731/1210[..............................                    ] 732/1210[..............................                    ] 733/1210[..............................                    ] 734/1210[..............................                    ] 735/1210[..............................                    ] 736/1210[..............................                    ] 737/1210[..............................                    ] 738/1210[...............................                   ] 739/1210[...............................                   ] 740/1210[...............................                   ] 741/1210[...............................                   ] 742/1210[...............................                   ] 743/1210[...............................                   ] 744/1210[...............................                   ] 745/1210[...............................                   ] 746/1210[...............................                   ] 747/1210[...............................                   ] 748/1210[...............................                   ] 749/1210[...............................                   ] 750/1210[...............................                   ] 751/1210[...............................                   ] 752/1210[...............................                   ] 753/1210[...............................                   ] 754/1210[...............................                   ] 755/1210[...............................                   ] 756/1210[...............................                   ] 757/1210[...............................                   ] 758/1210[...............................                   ] 759/1210[...............................                   ] 760/1210[...............................                   ] 761/1210[...............................                   ] 762/1210[................................                  ] 763/1210[................................                  ] 764/1210[................................                  ] 765/1210[................................                  ] 766/1210[................................                  ] 767/1210[................................                  ] 768/1210[................................                  ] 769/1210[................................                  ] 770/1210[................................                  ] 771/1210[................................                  ] 772/1210[................................                  ] 773/1210[................................                  ] 774/1210[................................                  ] 775/1210[................................                  ] 776/1210[................................                  ] 777/1210[................................                  ] 778/1210[................................                  ] 779/1210[................................                  ] 780/1210[................................                  ] 781/1210[................................                  ] 782/1210[................................                  ] 783/1210[................................                  ] 784/1210[................................                  ] 785/1210[................................                  ] 786/1210[.................................                 ] 787/1210[.................................                 ] 788/1210[.................................                 ] 789/1210[.................................                 ] 790/1210[.................................                 ] 791/1210[.................................                 ] 792/1210[.................................                 ] 793/1210[.................................                 ] 794/1210[.................................                 ] 795/1210[.................................                 ] 796/1210[.................................                 ] 797/1210[.................................                 ] 798/1210[.................................                 ] 799/1210[.................................                 ] 800/1210[.................................                 ] 801/1210[.................................                 ] 802/1210[.................................                 ] 803/1210[.................................                 ] 804/1210[.................................                 ] 805/1210[.................................                 ] 806/1210[.................................                 ] 807/1210[.................................                 ] 808/1210[.................................                 ] 809/1210[.................................                 ] 810/1210[..................................                ] 811/1210[..................................                ] 812/1210[..................................                ] 813/1210[..................................                ] 814/1210[..................................                ] 815/1210[..................................                ] 816/1210[..................................                ] 817/1210[..................................                ] 818/1210[..................................                ] 819/1210[..................................                ] 820/1210[..................................                ] 821/1210[..................................                ] 822/1210[..................................                ] 823/1210[..................................                ] 824/1210[..................................                ] 825/1210[..................................                ] 826/1210[..................................                ] 827/1210[..................................                ] 828/1210[..................................                ] 829/1210[..................................                ] 830/1210[..................................                ] 831/1210[..................................                ] 832/1210[..................................                ] 833/1210[..................................                ] 834/1210[...................................               ] 835/1210[...................................               ] 836/1210[...................................               ] 837/1210[...................................               ] 838/1210[...................................               ] 839/1210[...................................               ] 840/1210[...................................               ] 841/1210[...................................               ] 842/1210[...................................               ] 843/1210[...................................               ] 844/1210[...................................               ] 845/1210[...................................               ] 846/1210[...................................               ] 847/1210[...................................               ] 848/1210[...................................               ] 849/1210[...................................               ] 850/1210[...................................               ] 851/1210[...................................               ] 852/1210[...................................               ] 853/1210[...................................               ] 854/1210[...................................               ] 855/1210[...................................               ] 856/1210[...................................               ] 857/1210[...................................               ] 858/1210[...................................               ] 859/1210[....................................              ] 860/1210[....................................              ] 861/1210[....................................              ] 862/1210[....................................              ] 863/1210[....................................              ] 864/1210[....................................              ] 865/1210[....................................              ] 866/1210[....................................              ] 867/1210[....................................              ] 868/1210[....................................              ] 869/1210[....................................              ] 870/1210[....................................              ] 871/1210[....................................              ] 872/1210[....................................              ] 873/1210[....................................              ] 874/1210[....................................              ] 875/1210[....................................              ] 876/1210[....................................              ] 877/1210[....................................              ] 878/1210[....................................              ] 879/1210[....................................              ] 880/1210[....................................              ] 881/1210[....................................              ] 882/1210[....................................              ] 883/1210[.....................................             ] 884/1210[.....................................             ] 885/1210[.....................................             ] 886/1210[.....................................             ] 887/1210[.....................................             ] 888/1210[.....................................             ] 889/1210[.....................................             ] 890/1210[.....................................             ] 891/1210[.....................................             ] 892/1210[.....................................             ] 893/1210[.....................................             ] 894/1210[.....................................             ] 895/1210[.....................................             ] 896/1210[.....................................             ] 897/1210[.....................................             ] 898/1210[.....................................             ] 899/1210[.....................................             ] 900/1210[.....................................             ] 901/1210[.....................................             ] 902/1210[.....................................             ] 903/1210[.....................................             ] 904/1210[.....................................             ] 905/1210[.....................................             ] 906/1210[.....................................             ] 907/1210[......................................            ] 908/1210[......................................            ] 909/1210[......................................            ] 910/1210[......................................            ] 911/1210[......................................            ] 912/1210[......................................            ] 913/1210[......................................            ] 914/1210[......................................            ] 915/1210[......................................            ] 916/1210[......................................            ] 917/1210[......................................            ] 918/1210[......................................            ] 919/1210[......................................            ] 920/1210[......................................            ] 921/1210[......................................            ] 922/1210[......................................            ] 923/1210[......................................            ] 924/1210[......................................            ] 925/1210[......................................            ] 926/1210[......................................            ] 927/1210[......................................            ] 928/1210[......................................            ] 929/1210[......................................            ] 930/1210[......................................            ] 931/1210[.......................................           ] 932/1210[.......................................           ] 933/1210[.......................................           ] 934/1210[.......................................           ] 935/1210[.......................................           ] 936/1210[.......................................           ] 937/1210[.......................................           ] 938/1210[.......................................           ] 939/1210[.......................................           ] 940/1210[.......................................           ] 941/1210[.......................................           ] 942/1210[.......................................           ] 943/1210[.......................................           ] 944/1210[.......................................           ] 945/1210[.......................................           ] 946/1210[.......................................           ] 947/1210[.......................................           ] 948/1210[.......................................           ] 949/1210[.......................................           ] 950/1210[.......................................           ] 951/1210[.......................................           ] 952/1210[.......................................           ] 953/1210[.......................................           ] 954/1210[.......................................           ] 955/1210[........................................          ] 956/1210[........................................          ] 957/1210[........................................          ] 958/1210[........................................          ] 959/1210[........................................          ] 960/1210[........................................          ] 961/1210[........................................          ] 962/1210[........................................          ] 963/1210[........................................          ] 964/1210[........................................          ] 965/1210[........................................          ] 966/1210[........................................          ] 967/1210[........................................          ] 968/1210[........................................          ] 969/1210[........................................          ] 970/1210[........................................          ] 971/1210[........................................          ] 972/1210[........................................          ] 973/1210[........................................          ] 974/1210[........................................          ] 975/1210[........................................          ] 976/1210[........................................          ] 977/1210[........................................          ] 978/1210[........................................          ] 979/1210[........................................          ] 980/1210[.........................................         ] 981/1210[.........................................         ] 982/1210[.........................................         ] 983/1210[.........................................         ] 984/1210[.........................................         ] 985/1210[.........................................         ] 986/1210[.........................................         ] 987/1210[.........................................         ] 988/1210[.........................................         ] 989/1210[.........................................         ] 990/1210[.........................................         ] 991/1210[.........................................         ] 992/1210[.........................................         ] 993/1210[.........................................         ] 994/1210[.........................................         ] 995/1210[.........................................         ] 996/1210[.........................................         ] 997/1210[.........................................         ] 998/1210[.........................................         ] 999/1210[.........................................         ] 1000/1210[.........................................         ] 1001/1210[.........................................         ] 1002/1210[.........................................         ] 1003/1210[.........................................         ] 1004/1210[..........................................        ] 1005/1210[..........................................        ] 1006/1210[..........................................        ] 1007/1210[..........................................        ] 1008/1210[..........................................        ] 1009/1210[..........................................        ] 1010/1210[..........................................        ] 1011/1210[..........................................        ] 1012/1210[..........................................        ] 1013/1210[..........................................        ] 1014/1210[..........................................        ] 1015/1210[..........................................        ] 1016/1210[..........................................        ] 1017/1210[..........................................        ] 1018/1210[..........................................        ] 1019/1210[..........................................        ] 1020/1210[..........................................        ] 1021/1210[..........................................        ] 1022/1210[..........................................        ] 1023/1210[..........................................        ] 1024/1210[..........................................        ] 1025/1210[..........................................        ] 1026/1210[..........................................        ] 1027/1210[..........................................        ] 1028/1210[...........................................       ] 1029/1210[...........................................       ] 1030/1210[...........................................       ] 1031/1210[...........................................       ] 1032/1210[...........................................       ] 1033/1210[...........................................       ] 1034/1210[...........................................       ] 1035/1210[...........................................       ] 1036/1210[...........................................       ] 1037/1210[...........................................       ] 1038/1210[...........................................       ] 1039/1210[...........................................       ] 1040/1210[...........................................       ] 1041/1210[...........................................       ] 1042/1210[...........................................       ] 1043/1210[...........................................       ] 1044/1210[...........................................       ] 1045/1210[...........................................       ] 1046/1210[...........................................       ] 1047/1210[...........................................       ] 1048/1210[...........................................       ] 1049/1210[...........................................       ] 1050/1210[...........................................       ] 1051/1210[...........................................       ] 1052/1210[............................................      ] 1053/1210[............................................      ] 1054/1210[............................................      ] 1055/1210[............................................      ] 1056/1210[............................................      ] 1057/1210[............................................      ] 1058/1210[............................................      ] 1059/1210[............................................      ] 1060/1210[............................................      ] 1061/1210[............................................      ] 1062/1210[............................................      ] 1063/1210[............................................      ] 1064/1210[............................................      ] 1065/1210[............................................      ] 1066/1210[............................................      ] 1067/1210[............................................      ] 1068/1210[............................................      ] 1069/1210[............................................      ] 1070/1210[............................................      ] 1071/1210[............................................      ] 1072/1210[............................................      ] 1073/1210[............................................      ] 1074/1210[............................................      ] 1075/1210[............................................      ] 1076/1210[.............................................     ] 1077/1210[.............................................     ] 1078/1210[.............................................     ] 1079/1210[.............................................     ] 1080/1210[.............................................     ] 1081/1210[.............................................     ] 1082/1210[.............................................     ] 1083/1210[.............................................     ] 1084/1210[.............................................     ] 1085/1210[.............................................     ] 1086/1210[.............................................     ] 1087/1210[.............................................     ] 1088/1210[.............................................     ] 1089/1210[.............................................     ] 1090/1210[.............................................     ] 1091/1210[.............................................     ] 1092/1210[.............................................     ] 1093/1210[.............................................     ] 1094/1210[.............................................     ] 1095/1210[.............................................     ] 1096/1210[.............................................     ] 1097/1210[.............................................     ] 1098/1210[.............................................     ] 1099/1210[.............................................     ] 1100/1210[.............................................     ] 1101/1210[..............................................    ] 1102/1210[..............................................    ] 1103/1210[..............................................    ] 1104/1210[..............................................    ] 1105/1210[..............................................    ] 1106/1210[..............................................    ] 1107/1210[..............................................    ] 1108/1210[..............................................    ] 1109/1210[..............................................    ] 1110/1210[..............................................    ] 1111/1210[..............................................    ] 1112/1210[..............................................    ] 1113/1210[..............................................    ] 1114/1210[..............................................    ] 1115/1210[..............................................    ] 1116/1210[..............................................    ] 1117/1210[..............................................    ] 1118/1210[..............................................    ] 1119/1210[..............................................    ] 1120/1210[..............................................    ] 1121/1210[..............................................    ] 1122/1210[..............................................    ] 1123/1210[..............................................    ] 1124/1210[..............................................    ] 1125/1210[...............................................   ] 1126/1210[...............................................   ] 1127/1210[...............................................   ] 1128/1210[...............................................   ] 1129/1210[...............................................   ] 1130/1210[...............................................   ] 1131/1210[...............................................   ] 1132/1210[...............................................   ] 1133/1210[...............................................   ] 1134/1210[...............................................   ] 1135/1210[...............................................   ] 1136/1210[...............................................   ] 1137/1210[...............................................   ] 1138/1210[...............................................   ] 1139/1210[...............................................   ] 1140/1210[...............................................   ] 1141/1210[...............................................   ] 1142/1210[...............................................   ] 1143/1210[...............................................   ] 1144/1210[...............................................   ] 1145/1210[...............................................   ] 1146/1210[...............................................   ] 1147/1210[...............................................   ] 1148/1210[...............................................   ] 1149/1210[................................................  ] 1150/1210[................................................  ] 1151/1210[................................................  ] 1152/1210[................................................  ] 1153/1210[................................................  ] 1154/1210[................................................  ] 1155/1210[................................................  ] 1156/1210[................................................  ] 1157/1210[................................................  ] 1158/1210[................................................  ] 1159/1210[................................................  ] 1160/1210[................................................  ] 1161/1210[................................................  ] 1162/1210[................................................  ] 1163/1210[................................................  ] 1164/1210[................................................  ] 1165/1210[................................................  ] 1166/1210[................................................  ] 1167/1210[................................................  ] 1168/1210[................................................  ] 1169/1210[................................................  ] 1170/1210[................................................  ] 1171/1210[................................................  ] 1172/1210[................................................  ] 1173/1210[................................................. ] 1174/1210[................................................. ] 1175/1210[................................................. ] 1176/1210[................................................. ] 1177/1210[................................................. ] 1178/1210[................................................. ] 1179/1210[................................................. ] 1180/1210[................................................. ] 1181/1210[................................................. ] 1182/1210[................................................. ] 1183/1210[................................................. ] 1184/1210[................................................. ] 1185/1210[................................................. ] 1186/1210[................................................. ] 1187/1210[................................................. ] 1188/1210[................................................. ] 1189/1210[................................................. ] 1190/1210[................................................. ] 1191/1210[................................................. ] 1192/1210[................................................. ] 1193/1210[................................................. ] 1194/1210[................................................. ] 1195/1210[................................................. ] 1196/1210[................................................. ] 1197/1210[..................................................] 1198/1210[..................................................] 1199/1210[..................................................] 1200/1210[..................................................] 1201/1210[..................................................] 1202/1210[..................................................] 1203/1210[..................................................] 1204/1210[..................................................] 1205/1210[..................................................] 1206/1210[..................................................] 1207/1210[..................................................] 1208/1210[..................................................] 1209/1210[..................................................] 1210/1210[..................................................] 1210/1210
Reading unrotated particles from file 
 
>   /net/home/lxtsfs1/tpe/poegel/Documents/master/FlexibleSUSY/Output/MSSM/EW\
 
>    SB/One-Loop/UnrotatedParticles.m ...
Adding 3-loop MSSM beta-functions from 
 
>   [arxiv:hep-ph/0308231, arxiv:hep-ph/0408128]

----------------------------------------------------------------------
Creating model parameter classes
----------------------------------------------------------------------
Creating class for susy parameters ...
Creating makefile module for the beta functions ...
Creating class for soft parameters ...
Creating makefile module for the beta functions ...
Writing EWSB equations to models/MSSM/MSSM_EWSB_equations.m
Searching for independent EWSB equations ...
Solving 2 independent EWSB equations for {B[μ], μ} ...
   The EWSB solution was written to the file:
      models/MSSM/MSSM_two_scale_EWSB_solution.m
Note: the following phases are free: {Sign[μ]}

Generating shifts for consistent EWSB solution ...


Join::heads: Heads List and SortCps at positions 1 and 2
     are expected to be the same.

Join::heads: Heads List and SortCps at positions 1 and 2
     are expected to be the same.
Input parameters: {TanBeta, Sign[μ], Qin, mHd2IN, mHu2IN, Aeij, Adij, Auij, 
 
>    mq2Input, ml2Input, md2Input, mu2Input, me2Input, MassBInput, 
 
>    MassWBInput, MassGInput}
Creating class for input parameters ...
Generate Directories
Building Particle List
Read Vertex Lists
Found up-to-date vertex files.

----------------------------------------------------------------------
Creating model
----------------------------------------------------------------------
Creating class for model ...

----------------------------------------------------------------------
Creating SLHA model
----------------------------------------------------------------------
Creating class for SLHA model ...

----------------------------------------------------------------------
Creating utilities
----------------------------------------------------------------------
Creating utilities class ...
Creating FlexibleEFTHiggs.mk ...
Creating list of references to be cited ...
Creating plot scripts ...

----------------------------------------------------------------------
Creating solver framework
----------------------------------------------------------------------
Creating generic solver class templates ...

----------------------------------------------------------------------
Creating Weinberg angle class ...
----------------------------------------------------------------------
Converting vertex functions ...
[..                                                ] 1/22[.....                                             ] 2/22[.......                                           ] 3/22[.........                                         ] 4/22[...........                                       ] 5/22[..............                                    ] 6/22[................                                  ] 7/22[..................                                ] 8/22[....................                              ] 9/22[.......................                           ] 10/22[.........................                         ] 11/22[...........................                       ] 12/22[..............................                    ] 13/22[................................                  ] 14/22[..................................                ] 15/22[....................................              ] 16/22[.......................................           ] 17/22[.........................................         ] 18/22[...........................................       ] 19/22[.............................................     ] 20/22[................................................  ] 21/22[..................................................] 22/22[..................................................] 22/22
Generating C++ code for deltaVB ...

----------------------------------------------------------------------
Creating two-scale solver
----------------------------------------------------------------------
Creating class for convergence tester ...
Creating class for high-scale constraint ...
Creating class for susy-scale constraint ...
Creating class for low-scale constraint ...
Creating class for initial guesser ...
Creating class for two-scale EWSB solver ...
Creating class for two-scale model ...
Creating class for two-scale spectrum generator ...
Creating makefile module for two-scale solver ...

----------------------------------------------------------------------
Creating observables
----------------------------------------------------------------------
Creating class for effective couplings ...
Creating class for observables ...
Setting up CXXDiagrams...
Generate Directories
Building Particle List
Read Vertex Lists
Creating EDM class...
Creating AMuon class...
[1/22] calculating Cp[bar[Fe[{gt1_}]], Fe[{gt3_}], Ah[{gt2_}]][PL]... 454 ms
[2/22] calculating Cp[bar[Fe[{gt1_}]], Fe[{gt3_}], Ah[{gt2_}]][PR]... 499 ms
[3/22] calculating Cp[bar[Fe[{gt2_}]], Fe[{gt3_}], VP][PL]... 563 ms
[4/22] calculating Cp[bar[Fe[{gt2_}]], Fe[{gt3_}], VP][PR]... 551 ms
[5/22] calculating Cp[bar[Fe[{gt1_}]], Chi[{gt2_}], Se[{gt3_}]][PL]... 532 ms
[6/22] calculating Cp[bar[Fe[{gt1_}]], Chi[{gt2_}], Se[{gt3_}]][PR]... 525 ms
[7/22] calculating Cp[Chi[{gt2_}], Fe[{gt1_}], conj[Se[{gt3_}]]][PL]... 554 ms
[8/22] calculating Cp[Chi[{gt2_}], Fe[{gt1_}], conj[Se[{gt3_}]]][PR]... 549 ms
[9/22] calculating Cp[Se[{gt3_}], conj[Se[{gt2_}]], VP]... 662 ms
[10/22] calculating Cp[bar[Fe[{gt1_}]], Fv[{gt2_}], Hpm[{gt3_}]][PL]... 288 ms
[11/22] calculating Cp[bar[Fe[{gt1_}]], Fv[{gt2_}], Hpm[{gt3_}]][PR]... 287 ms
[12/22] calculating Cp[bar[Fv[{gt2_}]], Fe[{gt1_}], conj[Hpm[{gt3_}]]][PL]... 285 ms
[13/22] calculating Cp[bar[Fv[{gt2_}]], Fe[{gt1_}], conj[Hpm[{gt3_}]]][PR]... 287 ms
[14/22] calculating Cp[Hpm[{gt3_}], conj[Hpm[{gt2_}]], VP]... 353 ms
[15/22] calculating Cp[bar[Fe[{gt1_}]], Fe[{gt3_}], hh[{gt2_}]][PL]... 506 ms
[16/22] calculating Cp[bar[Fe[{gt1_}]], Fe[{gt3_}], hh[{gt2_}]][PR]... 502 ms
[17/22] calculating Cp[bar[Fe[{gt1_}]], Cha[{gt3_}], Sv[{gt2_}]][PL]... 501 ms
[18/22] calculating Cp[bar[Fe[{gt1_}]], Cha[{gt3_}], Sv[{gt2_}]][PR]... 498 ms
[19/22] calculating Cp[bar[Cha[{gt3_}]], Fe[{gt1_}], conj[Sv[{gt2_}]]][PL]... 523 ms
[20/22] calculating Cp[bar[Cha[{gt3_}]], Fe[{gt1_}], conj[Sv[{gt2_}]]][PR]... 524 ms
[21/22] calculating Cp[bar[Cha[{gt2_}]], Cha[{gt3_}], VP][PL]... 714 ms
[22/22] calculating Cp[bar[Cha[{gt2_}]], Cha[{gt3_}], VP][PR]... 586 ms
[1/2] calculating Cp[VP, Fe[{gt2_}], bar[Fe[{gt3_}]]][PL]... 573 ms
[2/2] calculating Cp[VP, Fe[{gt2_}], bar[Fe[{gt3_}]]][PR]... 558 ms

----------------------------------------------------------------------
Creating Mathematica interface
----------------------------------------------------------------------
Creating LibraryLink models/MSSM/MSSM.mx ...

----------------------------------------------------------------------
Creating user examples
----------------------------------------------------------------------
Creating user example spectrum generator program ...
Creating example SLHA input file ...

----------------------------------------------------------------------
FlexibleSUSY has finished
----------------------------------------------------------------------
Note: to regenerate MSSM source files, please remove the file 
"models/MSSM/00_DELETE_ME_TO_RERUN_METACODE" and run make
---------------------------------
config/depgen.x -Iconfig -Isrc -Ifflite -Islhaea -Idoc -Imeta -Itemplates -Imodels/MSSM -Iaddons/GM2Calc -Itest -I. -Imodel_specific/SM -I/usr/include -I/net/home/lxtsfs1/tpe/poegel/.local/include/eigen3 -I/usr/include   -MM -MI -o 'models/MSSM/MSSM_librarylink.d' -MT 'models/MSSM/MSSM_librarylink.o' models/MSSM/MSSM_librarylink.cpp
config/depgen.x -Iconfig -Isrc -Ifflite -Islhaea -Idoc -Imeta -Itemplates -Imodels/MSSM -Iaddons/GM2Calc -Itest -I. -Imodel_specific/SM -I/usr/include -I/net/home/lxtsfs1/tpe/poegel/.local/include/eigen3 -I/usr/include   -MM -MI -o 'models/MSSM/scan_MSSM.d' -MT 'models/MSSM/scan_MSSM.o' models/MSSM/scan_MSSM.cpp
config/depgen.x -Iconfig -Isrc -Ifflite -Islhaea -Idoc -Imeta -Itemplates -Imodels/MSSM -Iaddons/GM2Calc -Itest -I. -Imodel_specific/SM -I/usr/include -I/net/home/lxtsfs1/tpe/poegel/.local/include/eigen3 -I/usr/include   -MM -MI -o 'models/MSSM/run_cmd_line_MSSM.d' -MT 'models/MSSM/run_cmd_line_MSSM.o' models/MSSM/run_cmd_line_MSSM.cpp
config/depgen.x -Iconfig -Isrc -Ifflite -Islhaea -Idoc -Imeta -Itemplates -Imodels/MSSM -Iaddons/GM2Calc -Itest -I. -Imodel_specific/SM -I/usr/include -I/net/home/lxtsfs1/tpe/poegel/.local/include/eigen3 -I/usr/include   -MM -MI -o 'models/MSSM/run_MSSM.d' -MT 'models/MSSM/run_MSSM.o' models/MSSM/run_MSSM.cpp
config/depgen.x -Iconfig -Isrc -Ifflite -Islhaea -Idoc -Imeta -Itemplates -Imodels/MSSM -Iaddons/GM2Calc -Itest -I. -Imodel_specific/SM -I/usr/include -I/net/home/lxtsfs1/tpe/poegel/.local/include/eigen3 -I/usr/include   -MM -MI -o 'models/MSSM/MSSM_weinberg_angle.d' -MT 'models/MSSM/MSSM_weinberg_angle.o' models/MSSM/MSSM_weinberg_angle.cpp
config/depgen.x -Iconfig -Isrc -Ifflite -Islhaea -Idoc -Imeta -Itemplates -Imodels/MSSM -Iaddons/GM2Calc -Itest -I. -Imodel_specific/SM -I/usr/include -I/net/home/lxtsfs1/tpe/poegel/.local/include/eigen3 -I/usr/include   -MM -MI -o 'models/MSSM/MSSM_utilities.d' -MT 'models/MSSM/MSSM_utilities.o' models/MSSM/MSSM_utilities.cpp
config/depgen.x -Iconfig -Isrc -Ifflite -Islhaea -Idoc -Imeta -Itemplates -Imodels/MSSM -Iaddons/GM2Calc -Itest -I. -Imodel_specific/SM -I/usr/include -I/net/home/lxtsfs1/tpe/poegel/.local/include/eigen3 -I/usr/include   -MM -MI -o 'models/MSSM/MSSM_two_scale_susy_scale_constraint.d' -MT 'models/MSSM/MSSM_two_scale_susy_scale_constraint.o' models/MSSM/MSSM_two_scale_susy_scale_constraint.cpp
config/depgen.x -Iconfig -Isrc -Ifflite -Islhaea -Idoc -Imeta -Itemplates -Imodels/MSSM -Iaddons/GM2Calc -Itest -I. -Imodel_specific/SM -I/usr/include -I/net/home/lxtsfs1/tpe/poegel/.local/include/eigen3 -I/usr/include   -MM -MI -o 'models/MSSM/MSSM_two_scale_spectrum_generator.d' -MT 'models/MSSM/MSSM_two_scale_spectrum_generator.o' models/MSSM/MSSM_two_scale_spectrum_generator.cpp
config/depgen.x -Iconfig -Isrc -Ifflite -Islhaea -Idoc -Imeta -Itemplates -Imodels/MSSM -Iaddons/GM2Calc -Itest -I. -Imodel_specific/SM -I/usr/include -I/net/home/lxtsfs1/tpe/poegel/.local/include/eigen3 -I/usr/include   -MM -MI -o 'models/MSSM/MSSM_two_scale_model.d' -MT 'models/MSSM/MSSM_two_scale_model.o' models/MSSM/MSSM_two_scale_model.cpp
config/depgen.x -Iconfig -Isrc -Ifflite -Islhaea -Idoc -Imeta -Itemplates -Imodels/MSSM -Iaddons/GM2Calc -Itest -I. -Imodel_specific/SM -I/usr/include -I/net/home/lxtsfs1/tpe/poegel/.local/include/eigen3 -I/usr/include   -MM -MI -o 'models/MSSM/MSSM_two_scale_low_scale_constraint.d' -MT 'models/MSSM/MSSM_two_scale_low_scale_constraint.o' models/MSSM/MSSM_two_scale_low_scale_constraint.cpp
config/depgen.x -Iconfig -Isrc -Ifflite -Islhaea -Idoc -Imeta -Itemplates -Imodels/MSSM -Iaddons/GM2Calc -Itest -I. -Imodel_specific/SM -I/usr/include -I/net/home/lxtsfs1/tpe/poegel/.local/include/eigen3 -I/usr/include   -MM -MI -o 'models/MSSM/MSSM_two_scale_initial_guesser.d' -MT 'models/MSSM/MSSM_two_scale_initial_guesser.o' models/MSSM/MSSM_two_scale_initial_guesser.cpp
config/depgen.x -Iconfig -Isrc -Ifflite -Islhaea -Idoc -Imeta -Itemplates -Imodels/MSSM -Iaddons/GM2Calc -Itest -I. -Imodel_specific/SM -I/usr/include -I/net/home/lxtsfs1/tpe/poegel/.local/include/eigen3 -I/usr/include   -MM -MI -o 'models/MSSM/MSSM_two_scale_high_scale_constraint.d' -MT 'models/MSSM/MSSM_two_scale_high_scale_constraint.o' models/MSSM/MSSM_two_scale_high_scale_constraint.cpp
config/depgen.x -Iconfig -Isrc -Ifflite -Islhaea -Idoc -Imeta -Itemplates -Imodels/MSSM -Iaddons/GM2Calc -Itest -I. -Imodel_specific/SM -I/usr/include -I/net/home/lxtsfs1/tpe/poegel/.local/include/eigen3 -I/usr/include   -MM -MI -o 'models/MSSM/MSSM_two_scale_ewsb_solver.d' -MT 'models/MSSM/MSSM_two_scale_ewsb_solver.o' models/MSSM/MSSM_two_scale_ewsb_solver.cpp
config/depgen.x -Iconfig -Isrc -Ifflite -Islhaea -Idoc -Imeta -Itemplates -Imodels/MSSM -Iaddons/GM2Calc -Itest -I. -Imodel_specific/SM -I/usr/include -I/net/home/lxtsfs1/tpe/poegel/.local/include/eigen3 -I/usr/include   -MM -MI -o 'models/MSSM/MSSM_two_scale_convergence_tester.d' -MT 'models/MSSM/MSSM_two_scale_convergence_tester.o' models/MSSM/MSSM_two_scale_convergence_tester.cpp
config/depgen.x -Iconfig -Isrc -Ifflite -Islhaea -Idoc -Imeta -Itemplates -Imodels/MSSM -Iaddons/GM2Calc -Itest -I. -Imodel_specific/SM -I/usr/include -I/net/home/lxtsfs1/tpe/poegel/.local/include/eigen3 -I/usr/include   -MM -MI -o 'models/MSSM/MSSM_susy_parameters.d' -MT 'models/MSSM/MSSM_susy_parameters.o' models/MSSM/MSSM_susy_parameters.cpp
config/depgen.x -Iconfig -Isrc -Ifflite -Islhaea -Idoc -Imeta -Itemplates -Imodels/MSSM -Iaddons/GM2Calc -Itest -I. -Imodel_specific/SM -I/usr/include -I/net/home/lxtsfs1/tpe/poegel/.local/include/eigen3 -I/usr/include   -MM -MI -o 'models/MSSM/MSSM_susy_beta_vu.d' -MT 'models/MSSM/MSSM_susy_beta_vu.o' models/MSSM/MSSM_susy_beta_vu.cpp
config/depgen.x -Iconfig -Isrc -Ifflite -Islhaea -Idoc -Imeta -Itemplates -Imodels/MSSM -Iaddons/GM2Calc -Itest -I. -Imodel_specific/SM -I/usr/include -I/net/home/lxtsfs1/tpe/poegel/.local/include/eigen3 -I/usr/include   -MM -MI -o 'models/MSSM/MSSM_susy_beta_vd.d' -MT 'models/MSSM/MSSM_susy_beta_vd.o' models/MSSM/MSSM_susy_beta_vd.cpp
config/depgen.x -Iconfig -Isrc -Ifflite -Islhaea -Idoc -Imeta -Itemplates -Imodels/MSSM -Iaddons/GM2Calc -Itest -I. -Imodel_specific/SM -I/usr/include -I/net/home/lxtsfs1/tpe/poegel/.local/include/eigen3 -I/usr/include   -MM -MI -o 'models/MSSM/MSSM_susy_beta_g3.d' -MT 'models/MSSM/MSSM_susy_beta_g3.o' models/MSSM/MSSM_susy_beta_g3.cpp
config/depgen.x -Iconfig -Isrc -Ifflite -Islhaea -Idoc -Imeta -Itemplates -Imodels/MSSM -Iaddons/GM2Calc -Itest -I. -Imodel_specific/SM -I/usr/include -I/net/home/lxtsfs1/tpe/poegel/.local/include/eigen3 -I/usr/include   -MM -MI -o 'models/MSSM/MSSM_susy_beta_g2.d' -MT 'models/MSSM/MSSM_susy_beta_g2.o' models/MSSM/MSSM_susy_beta_g2.cpp
config/depgen.x -Iconfig -Isrc -Ifflite -Islhaea -Idoc -Imeta -Itemplates -Imodels/MSSM -Iaddons/GM2Calc -Itest -I. -Imodel_specific/SM -I/usr/include -I/net/home/lxtsfs1/tpe/poegel/.local/include/eigen3 -I/usr/include   -MM -MI -o 'models/MSSM/MSSM_susy_beta_g1.d' -MT 'models/MSSM/MSSM_susy_beta_g1.o' models/MSSM/MSSM_susy_beta_g1.cpp
config/depgen.x -Iconfig -Isrc -Ifflite -Islhaea -Idoc -Imeta -Itemplates -Imodels/MSSM -Iaddons/GM2Calc -Itest -I. -Imodel_specific/SM -I/usr/include -I/net/home/lxtsfs1/tpe/poegel/.local/include/eigen3 -I/usr/include   -MM -MI -o 'models/MSSM/MSSM_susy_beta_Yu.d' -MT 'models/MSSM/MSSM_susy_beta_Yu.o' models/MSSM/MSSM_susy_beta_Yu.cpp
config/depgen.x -Iconfig -Isrc -Ifflite -Islhaea -Idoc -Imeta -Itemplates -Imodels/MSSM -Iaddons/GM2Calc -Itest -I. -Imodel_specific/SM -I/usr/include -I/net/home/lxtsfs1/tpe/poegel/.local/include/eigen3 -I/usr/include   -MM -MI -o 'models/MSSM/MSSM_susy_beta_Ye.d' -MT 'models/MSSM/MSSM_susy_beta_Ye.o' models/MSSM/MSSM_susy_beta_Ye.cpp
config/depgen.x -Iconfig -Isrc -Ifflite -Islhaea -Idoc -Imeta -Itemplates -Imodels/MSSM -Iaddons/GM2Calc -Itest -I. -Imodel_specific/SM -I/usr/include -I/net/home/lxtsfs1/tpe/poegel/.local/include/eigen3 -I/usr/include   -MM -MI -o 'models/MSSM/MSSM_susy_beta_Yd.d' -MT 'models/MSSM/MSSM_susy_beta_Yd.o' models/MSSM/MSSM_susy_beta_Yd.cpp
config/depgen.x -Iconfig -Isrc -Ifflite -Islhaea -Idoc -Imeta -Itemplates -Imodels/MSSM -Iaddons/GM2Calc -Itest -I. -Imodel_specific/SM -I/usr/include -I/net/home/lxtsfs1/tpe/poegel/.local/include/eigen3 -I/usr/include   -MM -MI -o 'models/MSSM/MSSM_susy_beta_Mu.d' -MT 'models/MSSM/MSSM_susy_beta_Mu.o' models/MSSM/MSSM_susy_beta_Mu.cpp
config/depgen.x -Iconfig -Isrc -Ifflite -Islhaea -Idoc -Imeta -Itemplates -Imodels/MSSM -Iaddons/GM2Calc -Itest -I. -Imodel_specific/SM -I/usr/include -I/net/home/lxtsfs1/tpe/poegel/.local/include/eigen3 -I/usr/include   -MM -MI -o 'models/MSSM/MSSM_soft_parameters.d' -MT 'models/MSSM/MSSM_soft_parameters.o' models/MSSM/MSSM_soft_parameters.cpp
config/depgen.x -Iconfig -Isrc -Ifflite -Islhaea -Idoc -Imeta -Itemplates -Imodels/MSSM -Iaddons/GM2Calc -Itest -I. -Imodel_specific/SM -I/usr/include -I/net/home/lxtsfs1/tpe/poegel/.local/include/eigen3 -I/usr/include   -MM -MI -o 'models/MSSM/MSSM_soft_beta_mu2.d' -MT 'models/MSSM/MSSM_soft_beta_mu2.o' models/MSSM/MSSM_soft_beta_mu2.cpp
config/depgen.x -Iconfig -Isrc -Ifflite -Islhaea -Idoc -Imeta -Itemplates -Imodels/MSSM -Iaddons/GM2Calc -Itest -I. -Imodel_specific/SM -I/usr/include -I/net/home/lxtsfs1/tpe/poegel/.local/include/eigen3 -I/usr/include   -MM -MI -o 'models/MSSM/MSSM_soft_beta_mq2.d' -MT 'models/MSSM/MSSM_soft_beta_mq2.o' models/MSSM/MSSM_soft_beta_mq2.cpp
config/depgen.x -Iconfig -Isrc -Ifflite -Islhaea -Idoc -Imeta -Itemplates -Imodels/MSSM -Iaddons/GM2Calc -Itest -I. -Imodel_specific/SM -I/usr/include -I/net/home/lxtsfs1/tpe/poegel/.local/include/eigen3 -I/usr/include   -MM -MI -o 'models/MSSM/MSSM_soft_beta_ml2.d' -MT 'models/MSSM/MSSM_soft_beta_ml2.o' models/MSSM/MSSM_soft_beta_ml2.cpp
config/depgen.x -Iconfig -Isrc -Ifflite -Islhaea -Idoc -Imeta -Itemplates -Imodels/MSSM -Iaddons/GM2Calc -Itest -I. -Imodel_specific/SM -I/usr/include -I/net/home/lxtsfs1/tpe/poegel/.local/include/eigen3 -I/usr/include   -MM -MI -o 'models/MSSM/MSSM_soft_beta_me2.d' -MT 'models/MSSM/MSSM_soft_beta_me2.o' models/MSSM/MSSM_soft_beta_me2.cpp
config/depgen.x -Iconfig -Isrc -Ifflite -Islhaea -Idoc -Imeta -Itemplates -Imodels/MSSM -Iaddons/GM2Calc -Itest -I. -Imodel_specific/SM -I/usr/include -I/net/home/lxtsfs1/tpe/poegel/.local/include/eigen3 -I/usr/include   -MM -MI -o 'models/MSSM/MSSM_soft_beta_md2.d' -MT 'models/MSSM/MSSM_soft_beta_md2.o' models/MSSM/MSSM_soft_beta_md2.cpp
config/depgen.x -Iconfig -Isrc -Ifflite -Islhaea -Idoc -Imeta -Itemplates -Imodels/MSSM -Iaddons/GM2Calc -Itest -I. -Imodel_specific/SM -I/usr/include -I/net/home/lxtsfs1/tpe/poegel/.local/include/eigen3 -I/usr/include   -MM -MI -o 'models/MSSM/MSSM_soft_beta_mHu2.d' -MT 'models/MSSM/MSSM_soft_beta_mHu2.o' models/MSSM/MSSM_soft_beta_mHu2.cpp
config/depgen.x -Iconfig -Isrc -Ifflite -Islhaea -Idoc -Imeta -Itemplates -Imodels/MSSM -Iaddons/GM2Calc -Itest -I. -Imodel_specific/SM -I/usr/include -I/net/home/lxtsfs1/tpe/poegel/.local/include/eigen3 -I/usr/include   -MM -MI -o 'models/MSSM/MSSM_soft_beta_mHd2.d' -MT 'models/MSSM/MSSM_soft_beta_mHd2.o' models/MSSM/MSSM_soft_beta_mHd2.cpp
config/depgen.x -Iconfig -Isrc -Ifflite -Islhaea -Idoc -Imeta -Itemplates -Imodels/MSSM -Iaddons/GM2Calc -Itest -I. -Imodel_specific/SM -I/usr/include -I/net/home/lxtsfs1/tpe/poegel/.local/include/eigen3 -I/usr/include   -MM -MI -o 'models/MSSM/MSSM_soft_beta_TYu.d' -MT 'models/MSSM/MSSM_soft_beta_TYu.o' models/MSSM/MSSM_soft_beta_TYu.cpp
config/depgen.x -Iconfig -Isrc -Ifflite -Islhaea -Idoc -Imeta -Itemplates -Imodels/MSSM -Iaddons/GM2Calc -Itest -I. -Imodel_specific/SM -I/usr/include -I/net/home/lxtsfs1/tpe/poegel/.local/include/eigen3 -I/usr/include   -MM -MI -o 'models/MSSM/MSSM_soft_beta_TYe.d' -MT 'models/MSSM/MSSM_soft_beta_TYe.o' models/MSSM/MSSM_soft_beta_TYe.cpp
config/depgen.x -Iconfig -Isrc -Ifflite -Islhaea -Idoc -Imeta -Itemplates -Imodels/MSSM -Iaddons/GM2Calc -Itest -I. -Imodel_specific/SM -I/usr/include -I/net/home/lxtsfs1/tpe/poegel/.local/include/eigen3 -I/usr/include   -MM -MI -o 'models/MSSM/MSSM_soft_beta_TYd.d' -MT 'models/MSSM/MSSM_soft_beta_TYd.o' models/MSSM/MSSM_soft_beta_TYd.cpp
config/depgen.x -Iconfig -Isrc -Ifflite -Islhaea -Idoc -Imeta -Itemplates -Imodels/MSSM -Iaddons/GM2Calc -Itest -I. -Imodel_specific/SM -I/usr/include -I/net/home/lxtsfs1/tpe/poegel/.local/include/eigen3 -I/usr/include   -MM -MI -o 'models/MSSM/MSSM_soft_beta_MassWB.d' -MT 'models/MSSM/MSSM_soft_beta_MassWB.o' models/MSSM/MSSM_soft_beta_MassWB.cpp
config/depgen.x -Iconfig -Isrc -Ifflite -Islhaea -Idoc -Imeta -Itemplates -Imodels/MSSM -Iaddons/GM2Calc -Itest -I. -Imodel_specific/SM -I/usr/include -I/net/home/lxtsfs1/tpe/poegel/.local/include/eigen3 -I/usr/include   -MM -MI -o 'models/MSSM/MSSM_soft_beta_MassG.d' -MT 'models/MSSM/MSSM_soft_beta_MassG.o' models/MSSM/MSSM_soft_beta_MassG.cpp
config/depgen.x -Iconfig -Isrc -Ifflite -Islhaea -Idoc -Imeta -Itemplates -Imodels/MSSM -Iaddons/GM2Calc -Itest -I. -Imodel_specific/SM -I/usr/include -I/net/home/lxtsfs1/tpe/poegel/.local/include/eigen3 -I/usr/include   -MM -MI -o 'models/MSSM/MSSM_soft_beta_MassB.d' -MT 'models/MSSM/MSSM_soft_beta_MassB.o' models/MSSM/MSSM_soft_beta_MassB.cpp
config/depgen.x -Iconfig -Isrc -Ifflite -Islhaea -Idoc -Imeta -Itemplates -Imodels/MSSM -Iaddons/GM2Calc -Itest -I. -Imodel_specific/SM -I/usr/include -I/net/home/lxtsfs1/tpe/poegel/.local/include/eigen3 -I/usr/include   -MM -MI -o 'models/MSSM/MSSM_soft_beta_BMu.d' -MT 'models/MSSM/MSSM_soft_beta_BMu.o' models/MSSM/MSSM_soft_beta_BMu.cpp
config/depgen.x -Iconfig -Isrc -Ifflite -Islhaea -Idoc -Imeta -Itemplates -Imodels/MSSM -Iaddons/GM2Calc -Itest -I. -Imodel_specific/SM -I/usr/include -I/net/home/lxtsfs1/tpe/poegel/.local/include/eigen3 -I/usr/include   -MM -MI -o 'models/MSSM/MSSM_slha_io.d' -MT 'models/MSSM/MSSM_slha_io.o' models/MSSM/MSSM_slha_io.cpp
config/depgen.x -Iconfig -Isrc -Ifflite -Islhaea -Idoc -Imeta -Itemplates -Imodels/MSSM -Iaddons/GM2Calc -Itest -I. -Imodel_specific/SM -I/usr/include -I/net/home/lxtsfs1/tpe/poegel/.local/include/eigen3 -I/usr/include   -MM -MI -o 'models/MSSM/MSSM_observables.d' -MT 'models/MSSM/MSSM_observables.o' models/MSSM/MSSM_observables.cpp
config/depgen.x -Iconfig -Isrc -Ifflite -Islhaea -Idoc -Imeta -Itemplates -Imodels/MSSM -Iaddons/GM2Calc -Itest -I. -Imodel_specific/SM -I/usr/include -I/net/home/lxtsfs1/tpe/poegel/.local/include/eigen3 -I/usr/include   -MM -MI -o 'models/MSSM/MSSM_input_parameters.d' -MT 'models/MSSM/MSSM_input_parameters.o' models/MSSM/MSSM_input_parameters.cpp
config/depgen.x -Iconfig -Isrc -Ifflite -Islhaea -Idoc -Imeta -Itemplates -Imodels/MSSM -Iaddons/GM2Calc -Itest -I. -Imodel_specific/SM -I/usr/include -I/net/home/lxtsfs1/tpe/poegel/.local/include/eigen3 -I/usr/include   -MM -MI -o 'models/MSSM/MSSM_info.d' -MT 'models/MSSM/MSSM_info.o' models/MSSM/MSSM_info.cpp
config/depgen.x -Iconfig -Isrc -Ifflite -Islhaea -Idoc -Imeta -Itemplates -Imodels/MSSM -Iaddons/GM2Calc -Itest -I. -Imodel_specific/SM -I/usr/include -I/net/home/lxtsfs1/tpe/poegel/.local/include/eigen3 -I/usr/include   -MM -MI -o 'models/MSSM/MSSM_effective_couplings.d' -MT 'models/MSSM/MSSM_effective_couplings.o' models/MSSM/MSSM_effective_couplings.cpp
config/depgen.x -Iconfig -Isrc -Ifflite -Islhaea -Idoc -Imeta -Itemplates -Imodels/MSSM -Iaddons/GM2Calc -Itest -I. -Imodel_specific/SM -I/usr/include -I/net/home/lxtsfs1/tpe/poegel/.local/include/eigen3 -I/usr/include   -MM -MI -o 'models/MSSM/MSSM_edm.d' -MT 'models/MSSM/MSSM_edm.o' models/MSSM/MSSM_edm.cpp
config/depgen.x -Iconfig -Isrc -Ifflite -Islhaea -Idoc -Imeta -Itemplates -Imodels/MSSM -Iaddons/GM2Calc -Itest -I. -Imodel_specific/SM -I/usr/include -I/net/home/lxtsfs1/tpe/poegel/.local/include/eigen3 -I/usr/include   -MM -MI -o 'models/MSSM/MSSM_a_muon.d' -MT 'models/MSSM/MSSM_a_muon.o' models/MSSM/MSSM_a_muon.cpp
g++-6 -Iconfig -Isrc -Ifflite -Islhaea -Idoc -Imeta -Itemplates -Imodels/MSSM -Iaddons/GM2Calc -Itest -I. -Imodel_specific/SM -I/usr/include -I/net/home/lxtsfs1/tpe/poegel/.local/include/eigen3 -I/usr/include   -std=c++11 -O2 -fPIC -c models/MSSM/MSSM_info.cpp -o models/MSSM/MSSM_info.o
g++-6 -Iconfig -Isrc -Ifflite -Islhaea -Idoc -Imeta -Itemplates -Imodels/MSSM -Iaddons/GM2Calc -Itest -I. -Imodel_specific/SM -I/usr/include -I/net/home/lxtsfs1/tpe/poegel/.local/include/eigen3 -I/usr/include   -std=c++11 -O2 -fPIC -c models/MSSM/MSSM_input_parameters.cpp -o models/MSSM/MSSM_input_parameters.o
g++-6 -Iconfig -Isrc -Ifflite -Islhaea -Idoc -Imeta -Itemplates -Imodels/MSSM -Iaddons/GM2Calc -Itest -I. -Imodel_specific/SM -I/usr/include -I/net/home/lxtsfs1/tpe/poegel/.local/include/eigen3 -I/usr/include   -std=c++11 -O2 -fPIC -c models/MSSM/MSSM_soft_beta_BMu.cpp -o models/MSSM/MSSM_soft_beta_BMu.o
g++-6 -Iconfig -Isrc -Ifflite -Islhaea -Idoc -Imeta -Itemplates -Imodels/MSSM -Iaddons/GM2Calc -Itest -I. -Imodel_specific/SM -I/usr/include -I/net/home/lxtsfs1/tpe/poegel/.local/include/eigen3 -I/usr/include   -std=c++11 -O2 -fPIC -c models/MSSM/MSSM_soft_beta_MassB.cpp -o models/MSSM/MSSM_soft_beta_MassB.o
g++-6 -Iconfig -Isrc -Ifflite -Islhaea -Idoc -Imeta -Itemplates -Imodels/MSSM -Iaddons/GM2Calc -Itest -I. -Imodel_specific/SM -I/usr/include -I/net/home/lxtsfs1/tpe/poegel/.local/include/eigen3 -I/usr/include   -std=c++11 -O2 -fPIC -c models/MSSM/MSSM_soft_beta_MassG.cpp -o models/MSSM/MSSM_soft_beta_MassG.o
g++-6 -Iconfig -Isrc -Ifflite -Islhaea -Idoc -Imeta -Itemplates -Imodels/MSSM -Iaddons/GM2Calc -Itest -I. -Imodel_specific/SM -I/usr/include -I/net/home/lxtsfs1/tpe/poegel/.local/include/eigen3 -I/usr/include   -std=c++11 -O2 -fPIC -c models/MSSM/MSSM_soft_beta_MassWB.cpp -o models/MSSM/MSSM_soft_beta_MassWB.o
g++-6 -Iconfig -Isrc -Ifflite -Islhaea -Idoc -Imeta -Itemplates -Imodels/MSSM -Iaddons/GM2Calc -Itest -I. -Imodel_specific/SM -I/usr/include -I/net/home/lxtsfs1/tpe/poegel/.local/include/eigen3 -I/usr/include   -std=c++11 -O2 -fPIC -c models/MSSM/MSSM_soft_beta_TYd.cpp -o models/MSSM/MSSM_soft_beta_TYd.o
g++-6 -Iconfig -Isrc -Ifflite -Islhaea -Idoc -Imeta -Itemplates -Imodels/MSSM -Iaddons/GM2Calc -Itest -I. -Imodel_specific/SM -I/usr/include -I/net/home/lxtsfs1/tpe/poegel/.local/include/eigen3 -I/usr/include   -std=c++11 -O2 -fPIC -c models/MSSM/MSSM_soft_beta_TYe.cpp -o models/MSSM/MSSM_soft_beta_TYe.o
g++-6 -Iconfig -Isrc -Ifflite -Islhaea -Idoc -Imeta -Itemplates -Imodels/MSSM -Iaddons/GM2Calc -Itest -I. -Imodel_specific/SM -I/usr/include -I/net/home/lxtsfs1/tpe/poegel/.local/include/eigen3 -I/usr/include   -std=c++11 -O2 -fPIC -c models/MSSM/MSSM_soft_beta_TYu.cpp -o models/MSSM/MSSM_soft_beta_TYu.o
g++-6 -Iconfig -Isrc -Ifflite -Islhaea -Idoc -Imeta -Itemplates -Imodels/MSSM -Iaddons/GM2Calc -Itest -I. -Imodel_specific/SM -I/usr/include -I/net/home/lxtsfs1/tpe/poegel/.local/include/eigen3 -I/usr/include   -std=c++11 -O2 -fPIC -c models/MSSM/MSSM_soft_beta_mHd2.cpp -o models/MSSM/MSSM_soft_beta_mHd2.o
g++-6 -Iconfig -Isrc -Ifflite -Islhaea -Idoc -Imeta -Itemplates -Imodels/MSSM -Iaddons/GM2Calc -Itest -I. -Imodel_specific/SM -I/usr/include -I/net/home/lxtsfs1/tpe/poegel/.local/include/eigen3 -I/usr/include   -std=c++11 -O2 -fPIC -c models/MSSM/MSSM_soft_beta_mHu2.cpp -o models/MSSM/MSSM_soft_beta_mHu2.o
g++-6 -Iconfig -Isrc -Ifflite -Islhaea -Idoc -Imeta -Itemplates -Imodels/MSSM -Iaddons/GM2Calc -Itest -I. -Imodel_specific/SM -I/usr/include -I/net/home/lxtsfs1/tpe/poegel/.local/include/eigen3 -I/usr/include   -std=c++11 -O2 -fPIC -c models/MSSM/MSSM_soft_beta_md2.cpp -o models/MSSM/MSSM_soft_beta_md2.o
g++-6 -Iconfig -Isrc -Ifflite -Islhaea -Idoc -Imeta -Itemplates -Imodels/MSSM -Iaddons/GM2Calc -Itest -I. -Imodel_specific/SM -I/usr/include -I/net/home/lxtsfs1/tpe/poegel/.local/include/eigen3 -I/usr/include   -std=c++11 -O2 -fPIC -c models/MSSM/MSSM_soft_beta_me2.cpp -o models/MSSM/MSSM_soft_beta_me2.o
g++-6 -Iconfig -Isrc -Ifflite -Islhaea -Idoc -Imeta -Itemplates -Imodels/MSSM -Iaddons/GM2Calc -Itest -I. -Imodel_specific/SM -I/usr/include -I/net/home/lxtsfs1/tpe/poegel/.local/include/eigen3 -I/usr/include   -std=c++11 -O2 -fPIC -c models/MSSM/MSSM_soft_beta_ml2.cpp -o models/MSSM/MSSM_soft_beta_ml2.o
g++-6 -Iconfig -Isrc -Ifflite -Islhaea -Idoc -Imeta -Itemplates -Imodels/MSSM -Iaddons/GM2Calc -Itest -I. -Imodel_specific/SM -I/usr/include -I/net/home/lxtsfs1/tpe/poegel/.local/include/eigen3 -I/usr/include   -std=c++11 -O2 -fPIC -c models/MSSM/MSSM_soft_beta_mq2.cpp -o models/MSSM/MSSM_soft_beta_mq2.o
g++-6 -Iconfig -Isrc -Ifflite -Islhaea -Idoc -Imeta -Itemplates -Imodels/MSSM -Iaddons/GM2Calc -Itest -I. -Imodel_specific/SM -I/usr/include -I/net/home/lxtsfs1/tpe/poegel/.local/include/eigen3 -I/usr/include   -std=c++11 -O2 -fPIC -c models/MSSM/MSSM_soft_beta_mu2.cpp -o models/MSSM/MSSM_soft_beta_mu2.o
g++-6 -Iconfig -Isrc -Ifflite -Islhaea -Idoc -Imeta -Itemplates -Imodels/MSSM -Iaddons/GM2Calc -Itest -I. -Imodel_specific/SM -I/usr/include -I/net/home/lxtsfs1/tpe/poegel/.local/include/eigen3 -I/usr/include   -std=c++11 -O2 -fPIC -c models/MSSM/MSSM_soft_parameters.cpp -o models/MSSM/MSSM_soft_parameters.o
g++-6 -Iconfig -Isrc -Ifflite -Islhaea -Idoc -Imeta -Itemplates -Imodels/MSSM -Iaddons/GM2Calc -Itest -I. -Imodel_specific/SM -I/usr/include -I/net/home/lxtsfs1/tpe/poegel/.local/include/eigen3 -I/usr/include   -std=c++11 -O2 -fPIC -c models/MSSM/MSSM_susy_beta_Mu.cpp -o models/MSSM/MSSM_susy_beta_Mu.o
g++-6 -Iconfig -Isrc -Ifflite -Islhaea -Idoc -Imeta -Itemplates -Imodels/MSSM -Iaddons/GM2Calc -Itest -I. -Imodel_specific/SM -I/usr/include -I/net/home/lxtsfs1/tpe/poegel/.local/include/eigen3 -I/usr/include   -std=c++11 -O2 -fPIC -c models/MSSM/MSSM_susy_beta_Yd.cpp -o models/MSSM/MSSM_susy_beta_Yd.o
g++-6 -Iconfig -Isrc -Ifflite -Islhaea -Idoc -Imeta -Itemplates -Imodels/MSSM -Iaddons/GM2Calc -Itest -I. -Imodel_specific/SM -I/usr/include -I/net/home/lxtsfs1/tpe/poegel/.local/include/eigen3 -I/usr/include   -std=c++11 -O2 -fPIC -c models/MSSM/MSSM_susy_beta_Ye.cpp -o models/MSSM/MSSM_susy_beta_Ye.o
g++-6 -Iconfig -Isrc -Ifflite -Islhaea -Idoc -Imeta -Itemplates -Imodels/MSSM -Iaddons/GM2Calc -Itest -I. -Imodel_specific/SM -I/usr/include -I/net/home/lxtsfs1/tpe/poegel/.local/include/eigen3 -I/usr/include   -std=c++11 -O2 -fPIC -c models/MSSM/MSSM_susy_beta_Yu.cpp -o models/MSSM/MSSM_susy_beta_Yu.o
g++-6 -Iconfig -Isrc -Ifflite -Islhaea -Idoc -Imeta -Itemplates -Imodels/MSSM -Iaddons/GM2Calc -Itest -I. -Imodel_specific/SM -I/usr/include -I/net/home/lxtsfs1/tpe/poegel/.local/include/eigen3 -I/usr/include   -std=c++11 -O2 -fPIC -c models/MSSM/MSSM_susy_beta_g1.cpp -o models/MSSM/MSSM_susy_beta_g1.o
g++-6 -Iconfig -Isrc -Ifflite -Islhaea -Idoc -Imeta -Itemplates -Imodels/MSSM -Iaddons/GM2Calc -Itest -I. -Imodel_specific/SM -I/usr/include -I/net/home/lxtsfs1/tpe/poegel/.local/include/eigen3 -I/usr/include   -std=c++11 -O2 -fPIC -c models/MSSM/MSSM_susy_beta_g2.cpp -o models/MSSM/MSSM_susy_beta_g2.o
g++-6 -Iconfig -Isrc -Ifflite -Islhaea -Idoc -Imeta -Itemplates -Imodels/MSSM -Iaddons/GM2Calc -Itest -I. -Imodel_specific/SM -I/usr/include -I/net/home/lxtsfs1/tpe/poegel/.local/include/eigen3 -I/usr/include   -std=c++11 -O2 -fPIC -c models/MSSM/MSSM_susy_beta_g3.cpp -o models/MSSM/MSSM_susy_beta_g3.o
g++-6 -Iconfig -Isrc -Ifflite -Islhaea -Idoc -Imeta -Itemplates -Imodels/MSSM -Iaddons/GM2Calc -Itest -I. -Imodel_specific/SM -I/usr/include -I/net/home/lxtsfs1/tpe/poegel/.local/include/eigen3 -I/usr/include   -std=c++11 -O2 -fPIC -c models/MSSM/MSSM_susy_beta_vd.cpp -o models/MSSM/MSSM_susy_beta_vd.o
g++-6 -Iconfig -Isrc -Ifflite -Islhaea -Idoc -Imeta -Itemplates -Imodels/MSSM -Iaddons/GM2Calc -Itest -I. -Imodel_specific/SM -I/usr/include -I/net/home/lxtsfs1/tpe/poegel/.local/include/eigen3 -I/usr/include   -std=c++11 -O2 -fPIC -c models/MSSM/MSSM_susy_beta_vu.cpp -o models/MSSM/MSSM_susy_beta_vu.o
g++-6 -Iconfig -Isrc -Ifflite -Islhaea -Idoc -Imeta -Itemplates -Imodels/MSSM -Iaddons/GM2Calc -Itest -I. -Imodel_specific/SM -I/usr/include -I/net/home/lxtsfs1/tpe/poegel/.local/include/eigen3 -I/usr/include   -std=c++11 -O2 -fPIC -c models/MSSM/MSSM_susy_parameters.cpp -o models/MSSM/MSSM_susy_parameters.o
g++-6 -Iconfig -Isrc -Ifflite -Islhaea -Idoc -Imeta -Itemplates -Imodels/MSSM -Iaddons/GM2Calc -Itest -I. -Imodel_specific/SM -I/usr/include -I/net/home/lxtsfs1/tpe/poegel/.local/include/eigen3 -I/usr/include   -std=c++11 -O2 -fPIC -c models/MSSM/MSSM_two_scale_ewsb_solver.cpp -o models/MSSM/MSSM_two_scale_ewsb_solver.o
g++-6 -Iconfig -Isrc -Ifflite -Islhaea -Idoc -Imeta -Itemplates -Imodels/MSSM -Iaddons/GM2Calc -Itest -I. -Imodel_specific/SM -I/usr/include -I/net/home/lxtsfs1/tpe/poegel/.local/include/eigen3 -I/usr/include   -std=c++11 -O2 -fPIC -c models/MSSM/MSSM_two_scale_model.cpp -o models/MSSM/MSSM_two_scale_model.o
g++-6 -Iconfig -Isrc -Ifflite -Islhaea -Idoc -Imeta -Itemplates -Imodels/MSSM -Iaddons/GM2Calc -Itest -I. -Imodel_specific/SM -I/usr/include -I/net/home/lxtsfs1/tpe/poegel/.local/include/eigen3 -I/usr/include   -std=c++11 -O2 -fPIC -c models/MSSM/MSSM_two_scale_susy_scale_constraint.cpp -o models/MSSM/MSSM_two_scale_susy_scale_constraint.o
g++-6 -Iconfig -Isrc -Ifflite -Islhaea -Idoc -Imeta -Itemplates -Imodels/MSSM -Iaddons/GM2Calc -Itest -I. -Imodel_specific/SM -I/usr/include -I/net/home/lxtsfs1/tpe/poegel/.local/include/eigen3 -I/usr/include   -std=c++11 -O2 -fPIC -c models/MSSM/MSSM_utilities.cpp -o models/MSSM/MSSM_utilities.o
g++-6 -Iconfig -Isrc -Ifflite -Islhaea -Idoc -Imeta -Itemplates -Imodels/MSSM -Iaddons/GM2Calc -Itest -I. -Imodel_specific/SM -I/usr/include -I/net/home/lxtsfs1/tpe/poegel/.local/include/eigen3 -I/usr/include   -std=c++11 -O2 -fPIC -c models/MSSM/MSSM_weinberg_angle.cpp -o models/MSSM/MSSM_weinberg_angle.o
g++-6 -Iconfig -Isrc -Ifflite -Islhaea -Idoc -Imeta -Itemplates -Imodels/MSSM -Iaddons/GM2Calc -Itest -I. -Imodel_specific/SM -I/usr/include -I/net/home/lxtsfs1/tpe/poegel/.local/include/eigen3 -I/usr/include   -std=c++11 -O2 -fPIC -c models/MSSM/run_MSSM.cpp -o models/MSSM/run_MSSM.o
g++-6 -Iconfig -Isrc -Ifflite -Islhaea -Idoc -Imeta -Itemplates -Imodels/MSSM -Iaddons/GM2Calc -Itest -I. -Imodel_specific/SM -I/usr/include -I/net/home/lxtsfs1/tpe/poegel/.local/include/eigen3 -I/usr/include   -std=c++11 -O2 -fPIC -c models/MSSM/run_cmd_line_MSSM.cpp -o models/MSSM/run_cmd_line_MSSM.o
g++-6 -Iconfig -Isrc -Ifflite -Islhaea -Idoc -Imeta -Itemplates -Imodels/MSSM -Iaddons/GM2Calc -Itest -I. -Imodel_specific/SM -I/usr/include -I/net/home/lxtsfs1/tpe/poegel/.local/include/eigen3 -I/usr/include   -std=c++11 -O2 -fPIC -c models/MSSM/scan_MSSM.cpp -o models/MSSM/scan_MSSM.o
g++-6 -Iconfig -Isrc -Ifflite -Islhaea -Idoc -Imeta -Itemplates -Imodels/MSSM -Iaddons/GM2Calc -Itest -I. -Imodel_specific/SM -I/usr/include -I/net/home/lxtsfs1/tpe/poegel/.local/include/eigen3 -I/usr/include   -I/net/soft/lxtsfs1/local/Wolfram/Mathematica/11.3/SystemFiles/IncludeFiles/C -I/net/soft/lxtsfs1/local/Wolfram/Mathematica/11.3/SystemFiles/Links/MathLink/DeveloperKit/Linux-x86-64/CompilerAdditions -Imodel_specific/SM -I/usr/include -I/net/home/lxtsfs1/tpe/poegel/.local/include/eigen3 -I/usr/include   -I/net/soft/lxtsfs1/local/Wolfram/Mathematica/11.3/SystemFiles/IncludeFiles/C -I/net/soft/lxtsfs1/local/Wolfram/Mathematica/11.3/SystemFiles/Links/MathLink/DeveloperKit/Linux-x86-64/CompilerAdditions -std=c++11 -O2 -fPIC -c models/MSSM/MSSM_librarylink.cpp -o models/MSSM/MSSM_librarylink.o
g++-6 -Iconfig -Isrc -Ifflite -Islhaea -Idoc -Imeta -Itemplates -Imodels/MSSM -Iaddons/GM2Calc -Itest -I. -Imodel_specific/SM -I/usr/include -I/net/home/lxtsfs1/tpe/poegel/.local/include/eigen3 -I/usr/include   -std=c++11 -O2 -fPIC -c models/MSSM/MSSM_2LPoleFunctions.cpp -o models/MSSM/MSSM_2LPoleFunctions.o
g++-6 -Iconfig -Isrc -Ifflite -Islhaea -Idoc -Imeta -Itemplates -Imodels/MSSM -Iaddons/GM2Calc -Itest -I. -Imodel_specific/SM -I/usr/include -I/net/home/lxtsfs1/tpe/poegel/.local/include/eigen3 -I/usr/include   -std=c++11 -O2 -fPIC -c models/MSSM/MSSM_a_muon.cpp -o models/MSSM/MSSM_a_muon.o
g++-6 -Iconfig -Isrc -Ifflite -Islhaea -Idoc -Imeta -Itemplates -Imodels/MSSM -Iaddons/GM2Calc -Itest -I. -Imodel_specific/SM -I/usr/include -I/net/home/lxtsfs1/tpe/poegel/.local/include/eigen3 -I/usr/include   -std=c++11 -O2 -fPIC -c models/MSSM/MSSM_edm.cpp -o models/MSSM/MSSM_edm.o
g++-6 -Iconfig -Isrc -Ifflite -Islhaea -Idoc -Imeta -Itemplates -Imodels/MSSM -Iaddons/GM2Calc -Itest -I. -Imodel_specific/SM -I/usr/include -I/net/home/lxtsfs1/tpe/poegel/.local/include/eigen3 -I/usr/include   -std=c++11 -O2 -fPIC -c models/MSSM/MSSM_effective_couplings.cpp -o models/MSSM/MSSM_effective_couplings.o
g++-6 -Iconfig -Isrc -Ifflite -Islhaea -Idoc -Imeta -Itemplates -Imodels/MSSM -Iaddons/GM2Calc -Itest -I. -Imodel_specific/SM -I/usr/include -I/net/home/lxtsfs1/tpe/poegel/.local/include/eigen3 -I/usr/include   -std=c++11 -O2 -fPIC -c models/MSSM/MSSM_mass_eigenstates.cpp -o models/MSSM/MSSM_mass_eigenstates.o
g++-6 -Iconfig -Isrc -Ifflite -Islhaea -Idoc -Imeta -Itemplates -Imodels/MSSM -Iaddons/GM2Calc -Itest -I. -Imodel_specific/SM -I/usr/include -I/net/home/lxtsfs1/tpe/poegel/.local/include/eigen3 -I/usr/include   -std=c++11 -O2 -fPIC -c models/MSSM/MSSM_observables.cpp -o models/MSSM/MSSM_observables.o
g++-6 -Iconfig -Isrc -Ifflite -Islhaea -Idoc -Imeta -Itemplates -Imodels/MSSM -Iaddons/GM2Calc -Itest -I. -Imodel_specific/SM -I/usr/include -I/net/home/lxtsfs1/tpe/poegel/.local/include/eigen3 -I/usr/include   -std=c++11 -O2 -fPIC -c models/MSSM/MSSM_slha_io.cpp -o models/MSSM/MSSM_slha_io.o
g++-6 -Iconfig -Isrc -Ifflite -Islhaea -Idoc -Imeta -Itemplates -Imodels/MSSM -Iaddons/GM2Calc -Itest -I. -Imodel_specific/SM -I/usr/include -I/net/home/lxtsfs1/tpe/poegel/.local/include/eigen3 -I/usr/include   -std=c++11 -O2 -fPIC -c models/MSSM/MSSM_two_scale_convergence_tester.cpp -o models/MSSM/MSSM_two_scale_convergence_tester.o
g++-6 -Iconfig -Isrc -Ifflite -Islhaea -Idoc -Imeta -Itemplates -Imodels/MSSM -Iaddons/GM2Calc -Itest -I. -Imodel_specific/SM -I/usr/include -I/net/home/lxtsfs1/tpe/poegel/.local/include/eigen3 -I/usr/include   -std=c++11 -O2 -fPIC -c models/MSSM/MSSM_two_scale_high_scale_constraint.cpp -o models/MSSM/MSSM_two_scale_high_scale_constraint.o
g++-6 -Iconfig -Isrc -Ifflite -Islhaea -Idoc -Imeta -Itemplates -Imodels/MSSM -Iaddons/GM2Calc -Itest -I. -Imodel_specific/SM -I/usr/include -I/net/home/lxtsfs1/tpe/poegel/.local/include/eigen3 -I/usr/include   -std=c++11 -O2 -fPIC -c models/MSSM/MSSM_two_scale_initial_guesser.cpp -o models/MSSM/MSSM_two_scale_initial_guesser.o
g++-6 -Iconfig -Isrc -Ifflite -Islhaea -Idoc -Imeta -Itemplates -Imodels/MSSM -Iaddons/GM2Calc -Itest -I. -Imodel_specific/SM -I/usr/include -I/net/home/lxtsfs1/tpe/poegel/.local/include/eigen3 -I/usr/include   -std=c++11 -O2 -fPIC -c models/MSSM/MSSM_two_scale_low_scale_constraint.cpp -o models/MSSM/MSSM_two_scale_low_scale_constraint.o
g++-6 -Iconfig -Isrc -Ifflite -Islhaea -Idoc -Imeta -Itemplates -Imodels/MSSM -Iaddons/GM2Calc -Itest -I. -Imodel_specific/SM -I/usr/include -I/net/home/lxtsfs1/tpe/poegel/.local/include/eigen3 -I/usr/include   -std=c++11 -O2 -fPIC -c models/MSSM/MSSM_two_scale_spectrum_generator.cpp -o models/MSSM/MSSM_two_scale_spectrum_generator.o
ar cru models/MSSM/libMSSM.a models/MSSM/MSSM_2LPoleFunctions.o models/MSSM/MSSM_a_muon.o models/MSSM/MSSM_edm.o models/MSSM/MSSM_effective_couplings.o models/MSSM/MSSM_info.o models/MSSM/MSSM_input_parameters.o models/MSSM/MSSM_mass_eigenstates.o models/MSSM/MSSM_observables.o models/MSSM/MSSM_physical.o models/MSSM/MSSM_slha_io.o models/MSSM/MSSM_soft_beta_BMu.o models/MSSM/MSSM_soft_beta_MassB.o models/MSSM/MSSM_soft_beta_MassG.o models/MSSM/MSSM_soft_beta_MassWB.o models/MSSM/MSSM_soft_beta_TYd.o models/MSSM/MSSM_soft_beta_TYe.o models/MSSM/MSSM_soft_beta_TYu.o models/MSSM/MSSM_soft_beta_mHd2.o models/MSSM/MSSM_soft_beta_mHu2.o models/MSSM/MSSM_soft_beta_md2.o models/MSSM/MSSM_soft_beta_me2.o models/MSSM/MSSM_soft_beta_ml2.o models/MSSM/MSSM_soft_beta_mq2.o models/MSSM/MSSM_soft_beta_mu2.o models/MSSM/MSSM_soft_parameters.o models/MSSM/MSSM_susy_beta_Mu.o models/MSSM/MSSM_susy_beta_Yd.o models/MSSM/MSSM_susy_beta_Ye.o models/MSSM/MSSM_susy_beta_Yu.o models/MSSM/MSSM_susy_beta_g1.o models/MSSM/MSSM_susy_beta_g2.o models/MSSM/MSSM_susy_beta_g3.o models/MSSM/MSSM_susy_beta_vd.o models/MSSM/MSSM_susy_beta_vu.o models/MSSM/MSSM_susy_parameters.o models/MSSM/MSSM_two_scale_convergence_tester.o models/MSSM/MSSM_two_scale_ewsb_solver.o models/MSSM/MSSM_two_scale_high_scale_constraint.o models/MSSM/MSSM_two_scale_initial_guesser.o models/MSSM/MSSM_two_scale_low_scale_constraint.o models/MSSM/MSSM_two_scale_model.o models/MSSM/MSSM_two_scale_spectrum_generator.o models/MSSM/MSSM_two_scale_susy_scale_constraint.o models/MSSM/MSSM_utilities.o models/MSSM/MSSM_weinberg_angle.o models/MSSM/MSSM_2LPoleFunctions_fortran.o
g++-6  -o models/MSSM/run_MSSM.x  /net/home/lxtsfs1/tpe/poegel/Documents/master/FlexibleSUSY/models/MSSM/run_MSSM.o  /net/home/lxtsfs1/tpe/poegel/Documents/master/FlexibleSUSY/models/MSSM/libMSSM.a  /net/home/lxtsfs1/tpe/poegel/Documents/master/FlexibleSUSY/model_specific/SM/libmodel_specific_SM.a  /net/home/lxtsfs1/tpe/poegel/Documents/master/FlexibleSUSY/src/libflexisusy.a  /net/home/lxtsfs1/tpe/poegel/Documents/master/FlexibleSUSY/addons/GM2Calc/libGM2Calc.a   -L/usr/lib64 -lgsl -lgslcblas -lm  -L/net/soft/lxtsfs1/local/Wolfram/Mathematica/11.3/SystemFiles/Libraries/Linux-x86-64 -Wl,-rpath,/net/soft/lxtsfs1/local/Wolfram/Mathematica/11.3/SystemFiles/Libraries/Linux-x86-64 -lmkl_intel_ilp64 -lmkl_intel_thread -lmkl_core -liomp5  -L/usr/lib64/gcc/x86_64-suse-linux/4.8/ -lgfortran -lm -lsqlite3  -lpthread 
g++-6  -o models/MSSM/run_cmd_line_MSSM.x  /net/home/lxtsfs1/tpe/poegel/Documents/master/FlexibleSUSY/models/MSSM/run_cmd_line_MSSM.o  /net/home/lxtsfs1/tpe/poegel/Documents/master/FlexibleSUSY/models/MSSM/libMSSM.a  /net/home/lxtsfs1/tpe/poegel/Documents/master/FlexibleSUSY/model_specific/SM/libmodel_specific_SM.a  /net/home/lxtsfs1/tpe/poegel/Documents/master/FlexibleSUSY/src/libflexisusy.a  /net/home/lxtsfs1/tpe/poegel/Documents/master/FlexibleSUSY/addons/GM2Calc/libGM2Calc.a   -L/usr/lib64 -lgsl -lgslcblas -lm  -L/net/soft/lxtsfs1/local/Wolfram/Mathematica/11.3/SystemFiles/Libraries/Linux-x86-64 -Wl,-rpath,/net/soft/lxtsfs1/local/Wolfram/Mathematica/11.3/SystemFiles/Libraries/Linux-x86-64 -lmkl_intel_ilp64 -lmkl_intel_thread -lmkl_core -liomp5  -L/usr/lib64/gcc/x86_64-suse-linux/4.8/ -lgfortran -lm -lsqlite3  -lpthread 
g++-6  -o models/MSSM/scan_MSSM.x  /net/home/lxtsfs1/tpe/poegel/Documents/master/FlexibleSUSY/models/MSSM/scan_MSSM.o  /net/home/lxtsfs1/tpe/poegel/Documents/master/FlexibleSUSY/models/MSSM/libMSSM.a  /net/home/lxtsfs1/tpe/poegel/Documents/master/FlexibleSUSY/model_specific/SM/libmodel_specific_SM.a  /net/home/lxtsfs1/tpe/poegel/Documents/master/FlexibleSUSY/src/libflexisusy.a  /net/home/lxtsfs1/tpe/poegel/Documents/master/FlexibleSUSY/addons/GM2Calc/libGM2Calc.a   -L/usr/lib64 -lgsl -lgslcblas -lm  -L/net/soft/lxtsfs1/local/Wolfram/Mathematica/11.3/SystemFiles/Libraries/Linux-x86-64 -Wl,-rpath,/net/soft/lxtsfs1/local/Wolfram/Mathematica/11.3/SystemFiles/Libraries/Linux-x86-64 -lmkl_intel_ilp64 -lmkl_intel_thread -lmkl_core -liomp5  -L/usr/lib64/gcc/x86_64-suse-linux/4.8/ -lgfortran -lm -lsqlite3  -lpthread 
g++ -shared -o models/MSSM/MSSM_librarylink.so -Iconfig -Isrc -Ifflite -Islhaea -Idoc -Imeta -Itemplates -Imodels/MSSM -Iaddons/GM2Calc -Itest -I. -Imodel_specific/SM -I/usr/include -I/net/home/lxtsfs1/tpe/poegel/.local/include/eigen3 -I/usr/include   -I/net/soft/lxtsfs1/local/Wolfram/Mathematica/11.3/SystemFiles/IncludeFiles/C -I/net/soft/lxtsfs1/local/Wolfram/Mathematica/11.3/SystemFiles/Links/MathLink/DeveloperKit/Linux-x86-64/CompilerAdditions   /net/home/lxtsfs1/tpe/poegel/Documents/master/FlexibleSUSY/models/MSSM/MSSM_librarylink.o  /net/home/lxtsfs1/tpe/poegel/Documents/master/FlexibleSUSY/models/MSSM/libMSSM.a  /net/home/lxtsfs1/tpe/poegel/Documents/master/FlexibleSUSY/model_specific/SM/libmodel_specific_SM.a  /net/home/lxtsfs1/tpe/poegel/Documents/master/FlexibleSUSY/src/libflexisusy.a  /net/home/lxtsfs1/tpe/poegel/Documents/master/FlexibleSUSY/addons/GM2Calc/libGM2Calc.a   -L/usr/lib64 -lgsl -lgslcblas -lm  -L/net/soft/lxtsfs1/local/Wolfram/Mathematica/11.3/SystemFiles/Libraries/Linux-x86-64 -Wl,-rpath,/net/soft/lxtsfs1/local/Wolfram/Mathematica/11.3/SystemFiles/Libraries/Linux-x86-64 -lmkl_intel_ilp64 -lmkl_intel_thread -lmkl_core -liomp5  -L/usr/lib64/gcc/x86_64-suse-linux/4.8/ -lgfortran -lm -lsqlite3  -lpthread  
